******************************************************************************
                  MSP430 Linker PC v4.4.5                      
******************************************************************************
>> Linked Wed Aug 26 09:40:26 2015

OUTPUT FILE NAME:   <CP-Firmware.out>
ENTRY POINT SYMBOL: "_c_int00_noargs_noexit"  address: 00006562


MEMORY CONFIGURATION

         name            origin    length      used     unused   attr    fill
----------------------  --------  ---------  --------  --------  ----  --------
  SFR                   00000000   00000010  00000000  00000010  RWIX
  PERIPHERALS_8BIT      00000010   000000f0  00000000  000000f0  RWIX
  PERIPHERALS_16BIT     00000100   00000100  00000000  00000100  RWIX
  INFOD                 00001800   00000080  00000000  00000080  RWIX
  INFOC                 00001880   00000080  00000000  00000080  RWIX
  INFOB                 00001900   00000080  00000000  00000080  RWIX
  INFOA                 00001980   00000080  00000000  00000080  RWIX
  RAM                   00001c00   00004000  0000275e  000018a2  RWIX
  FLASH                 00005c00   0000a380  0000a380  00000000  RWIX
  INT00                 0000ff80   00000002  00000000  00000002  RWIX
  INT01                 0000ff82   00000002  00000000  00000002  RWIX
  INT02                 0000ff84   00000002  00000000  00000002  RWIX
  INT03                 0000ff86   00000002  00000000  00000002  RWIX
  INT04                 0000ff88   00000002  00000000  00000002  RWIX
  INT05                 0000ff8a   00000002  00000000  00000002  RWIX
  INT06                 0000ff8c   00000002  00000000  00000002  RWIX
  INT07                 0000ff8e   00000002  00000000  00000002  RWIX
  INT08                 0000ff90   00000002  00000000  00000002  RWIX
  INT09                 0000ff92   00000002  00000000  00000002  RWIX
  INT10                 0000ff94   00000002  00000000  00000002  RWIX
  INT11                 0000ff96   00000002  00000000  00000002  RWIX
  INT12                 0000ff98   00000002  00000000  00000002  RWIX
  INT13                 0000ff9a   00000002  00000000  00000002  RWIX
  INT14                 0000ff9c   00000002  00000000  00000002  RWIX
  INT15                 0000ff9e   00000002  00000000  00000002  RWIX
  INT16                 0000ffa0   00000002  00000000  00000002  RWIX
  INT17                 0000ffa2   00000002  00000000  00000002  RWIX
  INT18                 0000ffa4   00000002  00000000  00000002  RWIX
  INT19                 0000ffa6   00000002  00000000  00000002  RWIX
  INT20                 0000ffa8   00000002  00000000  00000002  RWIX
  INT21                 0000ffaa   00000002  00000000  00000002  RWIX
  INT22                 0000ffac   00000002  00000000  00000002  RWIX
  INT23                 0000ffae   00000002  00000000  00000002  RWIX
  INT24                 0000ffb0   00000002  00000000  00000002  RWIX
  INT25                 0000ffb2   00000002  00000000  00000002  RWIX
  INT26                 0000ffb4   00000002  00000000  00000002  RWIX
  INT27                 0000ffb6   00000002  00000000  00000002  RWIX
  INT28                 0000ffb8   00000002  00000000  00000002  RWIX
  INT29                 0000ffba   00000002  00000000  00000002  RWIX
  INT30                 0000ffbc   00000002  00000000  00000002  RWIX
  INT31                 0000ffbe   00000002  00000000  00000002  RWIX
  INT32                 0000ffc0   00000002  00000000  00000002  RWIX
  INT33                 0000ffc2   00000002  00000000  00000002  RWIX
  INT34                 0000ffc4   00000002  00000000  00000002  RWIX
  INT35                 0000ffc6   00000002  00000000  00000002  RWIX
  INT36                 0000ffc8   00000002  00000000  00000002  RWIX
  INT37                 0000ffca   00000002  00000000  00000002  RWIX
  INT38                 0000ffcc   00000002  00000000  00000002  RWIX
  INT39                 0000ffce   00000002  00000000  00000002  RWIX
  INT40                 0000ffd0   00000002  00000000  00000002  RWIX
  INT41                 0000ffd2   00000002  00000002  00000000  RWIX
  INT42                 0000ffd4   00000002  00000002  00000000  RWIX
  INT43                 0000ffd6   00000002  00000002  00000000  RWIX
  INT44                 0000ffd8   00000002  00000002  00000000  RWIX
  INT45                 0000ffda   00000002  00000002  00000000  RWIX
  INT46                 0000ffdc   00000002  00000002  00000000  RWIX
  INT47                 0000ffde   00000002  00000002  00000000  RWIX
  INT48                 0000ffe0   00000002  00000002  00000000  RWIX
  INT49                 0000ffe2   00000002  00000002  00000000  RWIX
  INT50                 0000ffe4   00000002  00000002  00000000  RWIX
  INT51                 0000ffe6   00000002  00000002  00000000  RWIX
  INT52                 0000ffe8   00000002  00000002  00000000  RWIX
  INT53                 0000ffea   00000002  00000002  00000000  RWIX
  INT54                 0000ffec   00000002  00000002  00000000  RWIX
  INT55                 0000ffee   00000002  00000002  00000000  RWIX
  INT56                 0000fff0   00000002  00000002  00000000  RWIX
  INT57                 0000fff2   00000002  00000002  00000000  RWIX
  INT58                 0000fff4   00000002  00000002  00000000  RWIX
  INT59                 0000fff6   00000002  00000002  00000000  RWIX
  INT60                 0000fff8   00000002  00000002  00000000  RWIX
  INT61                 0000fffa   00000002  00000002  00000000  RWIX
  INT62                 0000fffc   00000002  00000002  00000000  RWIX
  RESET                 0000fffe   00000002  00000002  00000000  RWIX
  FLASH2                00010000   00035c00  0000cf66  00028c9a  RWIX


SECTION ALLOCATION MAP

 output                                  attributes/
section   page    origin      length       input sections
--------  ----  ----------  ----------   ----------------
.bss       0    00001c00    000024fe     UNINITIALIZED
                  00001c00    00000ca6     task_manager.obj (.bss)
                  000028a6    0000038e     SP_I2C.obj (.bss)
                  00002c34    00000346     main.obj (.bss)
                  00002f7a    0000026a     comm_routing.obj (.bss)
                  000031e4    00000260     rts.obj (.bss)
                  00003444    00000240     LNKBLK.obj (.bss)
                  00003684    00000200     SD_Card_Testing.obj (.bss)
                  00003884    0000016a     rts430xl.lib : defs.obj (.bss)
                  000039ee    00000134     sensor.obj (.bss)
                  00003b22    00000106     report.obj (.bss)
                  00003c28    000000d8     MODOPT.obj (.bss)
                  00003d00    000000b8     rts430xl.lib : lowlev.obj (.bss)
                  00003db8    000000aa     fulldiag.obj (.bss)
                  00003e62    00000083     serial.obj (.bss)
                  00003ee5    00000001     time.obj (.bss)
                  00003ee6    0000007e     comm_utilities.obj (.bss)
                  00003f64    00000058     MODACT.obj (.bss)
                  00003fbc    00000050     key.obj (.bss)
                  0000400c    00000042     adf7020.obj (.bss)
                  0000404e    00000030     daytime.obj (.bss)
                  0000407e    0000002c     SD_Card.obj (.bss)
                  000040aa    00000018     MODSTORE.obj (.bss)
                  000040c2    0000000e     rts430xl.lib : memory.obj (.bss)
                  000040d0    00000008                  : trgdrv.obj (.bss)
                  000040d8    00000007     comm_discovery.obj (.bss)
                  000040df    00000001     --HOLE--
                  000040e0    00000006     L2Sram2.obj (.bss)
                  000040e6    00000004     rts430xl.lib : _lock.obj (.bss:_lock)
                  000040ea    00000004                  : _lock.obj (.bss:_unlock)
                  000040ee    00000004     comm_opmode.obj (.bss)
                  000040f2    00000004     gs.obj (.bss)
                  000040f6    00000004     task_dispatch.obj (.bss)
                  000040fa    00000002     rts430xl.lib : errno.obj (.bss)
                  000040fc    00000002                  : fopen.obj (.bss)

.data      0    00001c00    00000000     UNINITIALIZED

.cio       0    000040fe    00000120     UNINITIALIZED
                  000040fe    00000120     rts430xl.lib : trgmsg.obj (.cio)

.sysmem    0    00004220    000000a0     UNINITIALIZED
                  00004220    00000008     rts430xl.lib : memory.obj (.sysmem)
                  00004228    00000098     --HOLE--

.stack     0    00005b60    000000a0     UNINITIALIZED
                  00005b60    00000004     rts430xl.lib : boot.obj (.stack)
                  00005b64    0000009c     --HOLE--

.cinit     0    00005c00    00000586     
                  00005c00    00000146     sensor.obj (.cinit)
                  00005d46    000000f2     fulldiag.obj (.cinit)
                  00005e38    000000ea     MODOPT.obj (.cinit)
                  00005f22    00000064     MODACT.obj (.cinit)
                  00005f86    0000005c     key.obj (.cinit)
                  00005fe2    00000056     rts430xl.lib : lowlev.obj (.cinit)
                  00006038    0000004a                  : defs.obj (.cinit)
                  00006082    00000036     daytime.obj (.cinit)
                  000060b8    0000002e     SP_I2C.obj (.cinit)
                  000060e6    00000022     comm_utilities.obj (.cinit)
                  00006108    0000001e     MODSTORE.obj (.cinit)
                  00006126    00000016     task_manager.obj (.cinit)
                  0000613c    0000000a     rts430xl.lib : _lock.obj (.cinit:_lock)
                  00006146    0000000a                  : _lock.obj (.cinit:_unlock)
                  00006150    0000000a     comm_opmode.obj (.cinit)
                  0000615a    0000000a     task_dispatch.obj (.cinit)
                  00006164    00000008     rts430xl.lib : errno.obj (.cinit)
                  0000616c    00000008                  : fopen.obj (.cinit)
                  00006174    00000008                  : memory.obj (.cinit)
                  0000617c    00000007     adf7020.obj (.cinit)
                  00006183    00000001     --HOLE-- [fill = 0]
                  00006184    00000002     (.pad.cinit) [fill = 0]

.text:_isr 
*          0    00006186    0000043c     
                  00006186    0000012e     irupt.obj (.text:_isr:Port1_ISR)
                  000062b4    000000ea     irupt.obj (.text:_isr:PORT2_ISR)
                  0000639e    000000cc     irupt.obj (.text:_isr:Timer0_A1_ISR)
                  0000646a    00000054     irupt.obj (.text:_isr:vUSCI_A1_ISR)
                  000064be    00000046     irupt.obj (.text:_isr:vTIMER1_A1_ISR)
                  00006504    0000003e     irupt.obj (.text:_isr:TIMER0_B1_ISR)
                  00006542    00000020     irupt.obj (.text:_isr:vTIMERA1_A0_ISR)
                  00006562    0000001a     rts430xl.lib : boot_special.obj (.text:_isr:_c_int00_noargs_noexit)
                  0000657c    00000008     irupt.obj (.text:_isr:TIMER0_A0_ISR)
                  00006584    00000008     irupt.obj (.text:_isr:WDT_ISR)
                  0000658c    00000006     irupt.obj (.text:_isr:TIMER0_B0_ISR)
                  00006592    00000004     irupt.obj (.text:_isr:ADC12_ISR)
                  00006596    00000004     irupt.obj (.text:_isr:DMA_ISR)
                  0000659a    00000004     irupt.obj (.text:_isr:RTC_ISR)
                  0000659e    00000004     irupt.obj (.text:_isr:SYSNMI_ISR)
                  000065a2    00000004     irupt.obj (.text:_isr:UNMI_ISR)
                  000065a6    00000004     irupt.obj (.text:_isr:USCI_A0_ISR)
                  000065aa    00000004     irupt.obj (.text:_isr:USCI_A2_ISR)
                  000065ae    00000004     irupt.obj (.text:_isr:USCI_A3_ISR)
                  000065b2    00000004     irupt.obj (.text:_isr:USCI_B0_ISR)
                  000065b6    00000004     irupt.obj (.text:_isr:USCI_B1_ISR)
                  000065ba    00000004     irupt.obj (.text:_isr:USCI_B2_ISR)
                  000065be    00000004     irupt.obj (.text:_isr:USCI_B3_ISR)

.const     0    0001a02a    00002f3c     
                  0001a02a    00000e9c     fulldiag.obj (.const:.string)
                  0001aec6    00000400     adf7020_freq.obj (.const:g_ucaADF7020_ChannelFrequencyLUT)
                  0001b2c6    0000036c     key.obj (.const:.string)
                  0001b632    0000028e     MODOPT.obj (.const:.string)
                  0001b8c0    00000272     sensor.obj (.const:.string)
                  0001bb32    0000026a     MODACT.obj (.const:.string)
                  0001bd9c    00000200     rts.obj (.const:.string)
                  0001bf9c    000001d2     task_manager.obj (.const:.string)
                  0001c16e    00000172     main.obj (.const:.string)
                  0001c2e0    00000154     L2fram.obj (.const:.string)
                  0001c434    00000142     L2Sram2.obj (.const:.string)
                  0001c576    0000013e     buz.obj (.const:.string)
                  0001c6b4    000000e2     comm_utilities.obj (.const:.string)
                  0001c796    000000ac     SP_I2C.obj (.const:.string)
                  0001c842    0000009c     comm_opmode.obj (.const:.string)
                  0001c8de    0000006e     SD_Card_Testing.obj (.const:.string)
                  0001c94c    00000058     MODSTORE.obj (.const:.string)
                  0001c9a4    00000058     gs.obj (.const:.string)
                  0001c9fc    00000056     LNKBLK.obj (.const:.string)
                  0001ca52    00000054     time.obj (.const:.string)
                  0001caa6    00000050     l2flash.obj (.const:.string)
                  0001caf6    0000004c     buz.obj (.const:uiNote_freq_tbl)
                  0001cb42    00000044     NUMCMD.obj (.const:.string)
                  0001cb86    00000040     key.obj (.const:vCMD_func_ptrArray)
                  0001cbc6    0000003e     serial.obj (.const:.string)
                  0001cc04    0000003a     gid.obj (.const:.string)
                  0001cc3e    00000034     daytime.obj (.const:.string)
                  0001cc72    00000032     pick.obj (.const:.string)
                  0001cca4    00000030     task_dispatch.obj (.const:.string)
                  0001ccd4    00000028     rts.obj (.const:fpaSchedFuncArray)
                  0001ccfc    00000028     MODOPT.obj (.const:ucaRoleOptionDefaults)
                  0001cd24    00000026     sysact.obj (.const:.string)
                  0001cd4a    00000020     MODACT.obj (.const:vMODACTfunctionTbl)
                  0001cd6a    0000001e     comm_routing.obj (.const:.string)
                  0001cd88    0000001c     spi.obj (.const:.string)
                  0001cda4    0000001a     fram.obj (.const:.string)
                  0001cdbe    00000018     fulldiag.obj (.const:ucSENSOR_DIAG_PtrArray)
                  0001cdd6    00000018     MODOPT.obj (.const:vMODOPTfunctionTbl)
                  0001cdee    00000018     MODSTORE.obj (.const:vMODSTOREfunctionTbl)
                  0001ce06    00000014     SD_Card.obj (.const:.string)
                  0001ce1a    00000012     comm_discovery.obj (.const:.string)
                  0001ce2c    00000010     crc.obj (.const:.string:ucCRC16_lookupHI)
                  0001ce3c    00000010     crc.obj (.const:.string:ucCRC16_lookupLO)
                  0001ce4c    00000010     fulldiag.obj (.const:ucRADIO_DIAG_PtrArray)
                  0001ce5c    00000010     pick.obj (.const:uslaSSP_BaseAddr)
                  0001ce6c    00000010     pick.obj (.const:uslaSSP_MaxAddr)
                  0001ce7c    00000010     key.obj (.const:vKey_SetID_func_ptrArray)
                  0001ce8c    0000000e     flash.obj (.const:.string)
                  0001ce9a    0000000e     MODACT.obj (.const:.string:ucaChangeableActions)
                  0001cea8    0000000c     crc.obj (.const:.string)
                  0001ceb4    0000000c     rand.obj (.const:.string)
                  0001cec0    0000000c     daytime.obj (.const:.string:ucaMonthDayCount)
                  0001cecc    0000000c     fulldiag.obj (.const:ucFRAM_DIAG_PtrArray)
                  0001ced8    0000000c     fulldiag.obj (.const:uiaSENSOR_testRepeatCountArray)
                  0001cee4    0000000a     SD_Card_Testing.obj (.const:$P$T1$1)
                  0001ceee    0000000a     comm_opmode.obj (.const:.string:$P$T0$1)
                  0001cef8    00000008     MODOPT.obj (.const:.string:ucaBitMask)
                  0001cf00    00000008     fulldiag.obj (.const:ucSDBOARD_DIAG_PtrArray)
                  0001cf08    00000008     buz.obj (.const:uiNote_duration_tbl)
                  0001cf10    00000008     fulldiag.obj (.const:uiaRADIO_testRepeatCountArray)
                  0001cf18    00000007     adf7020.obj (.const:.string:g_ucaADF7020_Preamble)
                  0001cf1f    00000001     --HOLE-- [fill = 0]
                  0001cf20    00000006     comm_discovery.obj (.const:ucaLinkSlotTimes)
                  0001cf26    00000006     fulldiag.obj (.const:uiaFRAM_testRepeatCountArray)
                  0001cf2c    00000004     cmd.obj (.const:.string)
                  0001cf30    00000004     SP_I2C.obj (.const:.string:g_ucaEnPins)
                  0001cf34    00000004     SP_I2C.obj (.const:.string:g_ucaIntPins)
                  0001cf38    00000004     SP_I2C.obj (.const:.string:g_ucaRstPins)
                  0001cf3c    00000004     SP_I2C.obj (.const:.string:g_ucaSCLPins)
                  0001cf40    00000004     SP_I2C.obj (.const:.string:g_ucaSDAPins)
                  0001cf44    00000004     SP_I2C.obj (.const:.string:g_ucaTckPins)
                  0001cf48    00000004     report.obj (.const:.string)
                  0001cf4c    00000004     SP_I2C.obj (.const:.string:ucaSPBit)
                  0001cf50    00000004     pick.obj (.const:.string:ucaSSP_ByteWidth)
                  0001cf54    00000004     fulldiag.obj (.const:ucBUZ_DIAG_PtrArray)
                  0001cf58    00000004     fulldiag.obj (.const:ucFLASH_DIAG_PtrArray)
                  0001cf5c    00000004     fulldiag.obj (.const:uiaSDBOARD_testRepeatCountArray)
                  0001cf60    00000002     rom.obj (.const)
                  0001cf62    00000002     fulldiag.obj (.const:uiaBUZ_testRepeatCountArray)
                  0001cf64    00000002     fulldiag.obj (.const:uiaFLASH_testRepeatCountArray)

.pinit     0    00005c00    00000000     UNINITIALIZED

.text.1    0    000065c2    000099be     
                  000065c2    00000e68     fulldiag.obj (.text:vFULLDIAG_diagnostic_asynchronous_operations)
                  0000742a    000007f6     rts.obj (.text:vRTS_schedule_OM_slot)
                  00007c20    000007aa     task_manager.obj (.text:ucTask_SetField)
                  000083ca    0000066c     task_manager.obj (.text:ucTask_Init)
                  00008a36    000004f0     task_manager.obj (.text:ucTask_GetField)
                  00008f26    00000458     main.obj (.text:main)
                  0000937e    000003de     task_manager.obj (.text:ucTask_CreateCombinedTask)
                  0000975c    00000332     rts.obj (.text:uiRTS_findNearestNSTslot)
                  00009a8e    00000330     rts.obj (.text:vRTS_schedule_interval_slot)
                  00009dbe    000002fe     task_manager.obj (.text:ucTask_FetchSingleSPTasks)
                  0000a0bc    000002f4     main.obj (.text:vMAIN_computeDispatchTiming)
                  0000a3b0    000002de     gs.obj (.text:vGS_ReportToGardenServer)
                  0000a68e    000002da     task_dispatch.obj (.text:vTask_Dispatch)
                  0000a968    000002a2     task_manager.obj (.text:ucTask_CreateTask)
                  0000ac0a    00000222     comm_discovery.obj (.text:cComm_WaitFor_RequesttoJoin)
                  0000ae2c    0000021a     daytime.obj (.text:vDAYTIME_convertSecsToDstructAndTstruct)
                  0000b046    00000218     comm_opmode.obj (.text:ucComm_WaitFor_RTR)
                  0000b25e    00000214     fulldiag.obj (.text:ucFULLDIAG_FRAM_1)
                  0000b472    00000210     key.obj (.text:vKEY_Set_HID)
                  0000b682    00000204     comm_opmode.obj (.text:ucComm_WaitFor_LRQ)
                  0000b886    000001fa     task_dispatch.obj (.text:vTask_SP_StartSlot)
                  0000ba80    000001f8     daytime.obj (.text:cDAYTIME_convertDstrToDstruct)
                  0000bc78    000001e4     task_manager.obj (.text:ucTask_DestroyTask)
                  0000be5c    000001da     gs.obj (.text:ucGS_WaitForRTR)
                  0000c036    000001d6     adf7020.obj (.text:unADF7020_SetRadioState)
                  0000c20c    000001c8     SP_I2C.obj (.text:ucSP_Start)
                  0000c3d4    000001c0     key.obj (.text:vKEY_doUploadToPC)
                  0000c594    000001ba     comm_discovery.obj (.text:vComm_Request_to_Join)
                  0000c74e    000001a6     comm_opmode.obj (.text:ucComm_ParseMsg)
                  0000c8f4    0000019a     comm_utilities.obj (.text:ucComm_chkMsgIntegrity)
                  0000ca8e    00000194     SD_Card_Testing.obj (.text:SD_Testing_Basic)
                  0000cc22    00000194     L2Sram2.obj (.text:ucL2SRAM_PutCMD_inQueue)
                  0000cdb6    00000194     comm_routing.obj (.text:vRoute_GetUpdates)
                  0000cf4a    00000182     adf7020.obj (.text:unADF7020_Initialize)
                  0000d0cc    00000180     task_manager.obj (.text:vTaskDisplayTaskList)
                  0000d24c    0000017e     fulldiag.obj (.text:ucFULLDIAG_FRAM_2)
                  0000d3ca    0000017e     L2fram.obj (.text:vL2FRAM_showTSBTbl)
                  0000d548    00000174     LNKBLK.obj (.text:lLNKBLK_computeTimeForSingleLnk)
                  0000d6bc    0000016e     rts.obj (.text:vRTS_schedule_BCN_slots)
                  0000d82a    00000168     task_dispatch.obj (.text:vTask_ModifyTCB)
                  0000d992    00000166     task_dispatch.obj (.text:vTask_SP_EndSlot)
                  0000daf8    00000162     comm_opmode.obj (.text:vComm_SendLRQ)
                  0000dc5a    00000150     fulldiag.obj (.text:ucFULLDIAG_BUZ_0)
                  0000ddaa    0000014e     report.obj (.text:vReport_LoadSRAMFromSDCard)
                  0000def8    0000014a     fulldiag.obj (.text:ucFULLDIAG_SENSOR_2)
                  0000e042    00000146     L2fram.obj (.text:ucL2FRAM_chk_for_fram)
                  0000e188    00000146     SP_I2C.obj (.text:ucSP_I2C_RXByte)
                  0000e2ce    00000142     daytime.obj (.text:cDAYTIME_convertTstrToTstruct)
                  0000e410    0000013e     fulldiag.obj (.text:vFULLDIAG_test_single_SP)
                  0000e54e    00000138     comm_routing.obj (.text:ucRoute_NodeUnjoin)
                  0000e686    00000136     rts.obj (.text:vRTS_showTaskHdrLine)
                  0000e7bc    00000130     rts430xl.lib : fs_add.obj (.text)
                  0000e8ec    00000130     L2fram.obj (.text:vL2FRAM_deleteTSB)
                  0000ea1c    0000012e     main.obj (.text:vMAIN_printIntro)
                  0000eb4a    0000012c     report.obj (.text:vReport_BuildMsgsFromDEs)
                  0000ec76    0000012c     SP_I2C.obj (.text:vSP_Display)
                  0000eda2    0000012a     SP_I2C.obj (.text:ucSP_I2C_TXByte)
                  0000eecc    0000012a     comm_routing.obj (.text:vRoute_SetUpdates)
                  0000eff6    00000128     L2Sram2.obj (.text:ucL2SRAM_Delete_CMD)
                  0000f11e    00000128     comm_utilities.obj (.text:vComm_SynchFreq)
                  0000f246    00000128     serial.obj (.text:vSERIAL_FormatStrout)
                  0000f36e    00000124     gs.obj (.text:vGS_SynchGardenServer)
                  0000f492    00000120     comm_discovery.obj (.text:vComm_SendBeacon)
                  0000f5b2    00000120     rts.obj (.text:vRTS_scheduleNSTtbl)
                  0000f6d2    0000011e     SP_I2C.obj (.text:ucSP_SetHID)
                  0000f7f0    0000011c     SD_Card.obj (.text:SD_Init)
                  0000f90c    0000011a     SP_I2C.obj (.text:ucSP_SetCommState)
                  0000fa26    00000116     rts.obj (.text:vRTS_schedule_command_slot)
                  0000fb3c    00000112     task_manager.obj (.text:ucTask_CreateOMTask)
                  0000fc4e    0000010e     task_manager.obj (.text:ucTask_GetParam)
                  0000fd5c    0000010c     comm_opmode.obj (.text:ucComm_incLnkBrkCntAndChkForDeadOM2)
                  0000fe68    000000f8     comm_opmode.obj (.text:vComm_SendData)
                  0000ff60    00000020     rts430xl.lib : memset.obj (.text:memset)

RTC        0    0000ffd2    00000002     
                  0000ffd2    00000002     irupt.obj (.int41)

PORT2      0    0000ffd4    00000002     
                  0000ffd4    00000002     irupt.obj (.int42)

USCI_B3    0    0000ffd6    00000002     
                  0000ffd6    00000002     irupt.obj (.int43)

USCI_A3    0    0000ffd8    00000002     
                  0000ffd8    00000002     irupt.obj (.int44)

USCI_B1    0    0000ffda    00000002     
                  0000ffda    00000002     irupt.obj (.int45)

USCI_A1    0    0000ffdc    00000002     
                  0000ffdc    00000002     irupt.obj (.int46)

PORT1      0    0000ffde    00000002     
                  0000ffde    00000002     irupt.obj (.int47)

TIMER1_A1 
*          0    0000ffe0    00000002     
                  0000ffe0    00000002     irupt.obj (.int48)

TIMER1_A0 
*          0    0000ffe2    00000002     
                  0000ffe2    00000002     irupt.obj (.int49)

DMA        0    0000ffe4    00000002     
                  0000ffe4    00000002     irupt.obj (.int50)

USCI_B2    0    0000ffe6    00000002     
                  0000ffe6    00000002     irupt.obj (.int51)

USCI_A2    0    0000ffe8    00000002     
                  0000ffe8    00000002     irupt.obj (.int52)

TIMER0_A1 
*          0    0000ffea    00000002     
                  0000ffea    00000002     irupt.obj (.int53)

TIMER0_A0 
*          0    0000ffec    00000002     
                  0000ffec    00000002     irupt.obj (.int54)

ADC12      0    0000ffee    00000002     
                  0000ffee    00000002     irupt.obj (.int55)

USCI_B0    0    0000fff0    00000002     
                  0000fff0    00000002     irupt.obj (.int56)

USCI_A0    0    0000fff2    00000002     
                  0000fff2    00000002     irupt.obj (.int57)

WDT        0    0000fff4    00000002     
                  0000fff4    00000002     irupt.obj (.int58)

TIMER0_B1 
*          0    0000fff6    00000002     
                  0000fff6    00000002     irupt.obj (.int59)

TIMER0_B0 
*          0    0000fff8    00000002     
                  0000fff8    00000002     irupt.obj (.int60)

UNMI       0    0000fffa    00000002     
                  0000fffa    00000002     irupt.obj (.int61)

SYSNMI     0    0000fffc    00000002     
                  0000fffc    00000002     irupt.obj (.int62)

.reset     0    0000fffe    00000002     
                  0000fffe    00000002     rts430xl.lib : boot.obj (.reset)

.text.2    0    00010000    0000a02a     
                  00010000    000000f6     fulldiag.obj (.text:vFULLDIAG_test_actuators)
                  000100f6    000000f2     comm_discovery.obj (.text:vComm_Msg_buildRequest_to_Join)
                  000101e8    000000f0     rts.obj (.text:vRTS_showAllNSTentrys)
                  000102d8    000000ee     fulldiag.obj (.text:ucFULLDIAG_SENSOR_3)
                  000103c6    000000ee     fulldiag.obj (.text:ucFULLDIAG_SENSOR_4)
                  000104b4    000000ee     fulldiag.obj (.text:ucFULLDIAG_SENSOR_5)
                  000105a2    000000ea     L2Sram2.obj (.text:ulL2SRAM_getPickTblEntry)
                  0001068c    000000e6     comm_routing.obj (.text:ucRoute_RemoveEdge)
                  00010772    000000e4     L2fram.obj (.text:cL2FRAM_addTSB)
                  00010856    000000e4     comm_opmode.obj (.text:vComm_Child)
                  0001093a    000000e2     comm_utilities.obj (.text:ucComm_doSubSecXmit)
                  00010a1c    000000e0     serial.obj (.text:lSERIAL_AsciiToNum)
                  00010afc    000000de     serial.obj (.text:lSERIAL_AsciiToNumber)
                  00010bda    000000de     L2Sram2.obj (.text:ucL2SRAM_LoadCmdIfExists)
                  00010cb8    000000dc     comm_opmode.obj (.text:ucComm_Send_Command)
                  00010d94    000000dc     task_dispatch.obj (.text:vTask_FRAM_to_SDCard)
                  00010e70    000000d8     L2Sram2.obj (.text:vL2SRAM_putPickTblEntry)
                  00010f48    000000d6     L2fram.obj (.text:vL2FRAM_format_fram)
                  0001101e    000000d4     serial.obj (.text:ucSerial_Wait_for_Ack)
                  000110f2    000000d4     misc.obj (.text:ulMISC_buildGenericFromBytes)
                  000111c6    000000d4     sram.obj (.text:ulSRAM_read_B32)
                  0001129a    000000d2     SD_Card.obj (.text:SD_Send_Command)
                  0001136c    000000d2     crc.obj (.text:ucCRC16_compute_msg_CRC)
                  0001143e    000000d0     SP_I2C.obj (.text:vSP_DetachBoard)
                  0001150e    000000ce     fulldiag.obj (.text:ucFULLDIAG_SENSOR_0)
                  000115dc    000000ce     serial.obj (.text:ucSERIAL_getEditedInput)
                  000116aa    000000ce     key.obj (.text:vKEY_setDate)
                  00011778    000000cc     daytime.obj (.text:lDAYTIME_convertDstructToSec)
                  00011844    000000cc     SP_I2C.obj (.text:ucSP_SendCommand)
                  00011910    000000ca     task_manager.obj (.text:ucTask_CheckComp)
                  000119da    000000c8     buz.obj (.text:vBUZ)
                  00011aa2    000000c8     serial.obj (.text:vSERIAL_B2D_Str)
                  00011b6a    000000c8     SP_I2C.obj (.text:vSP_TurnOn)
                  00011c32    000000c6     SP_I2C.obj (.text:ucSP_Request_SensorTypes)
                  00011cf8    000000c6     task_manager.obj (.text:vTask_ComputeSysLFactor)
                  00011dbe    000000c4     SP_I2C.obj (.text:ucSP_Request_TransducerLabel)
                  00011e82    000000c4     task_dispatch.obj (.text:vTask_Batt_Sense)
                  00011f46    000000c0     SP_I2C.obj (.text:ucSP_Init)
                  00012006    000000c0     fram.obj (.text:ulFRAM_read_B32)
                  000120c6    000000be     fulldiag.obj (.text:ucFULLDIAG_SENSOR_1)
                  00012184    000000be     rand.obj (.text:vRAND_getNextNum)
                  00012242    000000be     rts.obj (.text:vRTS_schedule_all_slots)
                  00012300    000000ba     L2fram.obj (.text:vL2FRAM_putTSBEntryVal)
                  000123ba    000000ba     rts.obj (.text:vRTS_putNSTSubSlotentry)
                  00012474    000000b8     SD_Card.obj (.text:SD_Read_Block)
                  0001252c    000000b8     LNKBLK.obj (.text:ucLNKBLK_computeMultipleLnkReqFromSysLoad)
                  000125e4    000000b6     rts430xl.lib : fs_mpy.obj (.text)
                  0001269a    000000b2     comm_utilities.obj (.text:ucComm_Handle_Command)
                  0001274c    000000b2     rand.obj (.text:uslRAND_getNewSeed)
                  000127fe    000000b0     rts.obj (.text:ucRTS_getNSTSubSlotentry)
                  000128ae    000000b0     rts.obj (.text:vRTS_convertAllRTJslotsToSleep)
                  0001295e    000000ae     MODACT.obj (.text:vMODACT_silentChangeInterval)
                  00012a0c    000000ae     rts.obj (.text:vRTS_clrNSTtbl)
                  00012aba    000000ae     rts.obj (.text:vRTS_getNSTentry)
                  00012b68    000000ae     rts.obj (.text:vRTS_schedule_RTJ_slots)
                  00012c16    000000ae     comm_routing.obj (.text:vRouteClrFlaggedUpdates)
                  00012cc4    000000ae     task_dispatch.obj (.text:vTask_MCUTemp)
                  00012d72    000000ac     comm_routing.obj (.text:uiRoute_GetNextHop)
                  00012e1e    000000a8     misc.obj (.text:uiMISC_doCompensatedBattRead)
                  00012ec6    000000a8     comm_opmode.obj (.text:vComm_Parent)
                  00012f6e    000000a8     time.obj (.text:vTIME_showTime)
                  00013016    000000a8     task_dispatch.obj (.text:vTask_SP_CheckBoards)
                  000130be    000000a4     rts.obj (.text:vRTS_schedule_downcount_slot)
                  00013162    000000a4     report.obj (.text:vReport_WriteDEToRAM)
                  00013206    000000a4     task_dispatch.obj (.text:vTask_Count)
                  000132aa    000000a2     fulldiag.obj (.text:ucFULLDIAG_RADIO_1)
                  0001334c    000000a2     SP_I2C.obj (.text:ucSP_SendInterrogate)
                  000133ee    000000a2     LNKBLK.obj (.text:vLNKBLK_fillLnkBlkFromMultipleLnkReq)
                  00013490    0000009e     rts430xl.lib : trgdrv.obj (.text:HOSTlseek)
                  0001352e    0000009e     SD_Card.obj (.text:SD_Format)
                  000135cc    0000009e     SP_I2C.obj (.text:ucSP_RequestData)
                  0001366a    0000009e     L2fram.obj (.text:ulL2FRAM_getTSBEntryVal)
                  00013708    0000009e     L2fram.obj (.text:vL2FRAM_showYtriggerTbl)
                  000137a6    0000009e     MODACT.obj (.text:vMODACT_showChangeableSenseActTrigs)
                  00013844    0000009c     SD_Card.obj (.text:SD_Write_Block)
                  000138e0    0000009c     L2fram.obj (.text:vL2FRAM_stuffTSB)
                  0001397c    0000009a     SP_I2C.obj (.text:ucSP_DisplaySingleLabel)
                  00013a16    0000009a     serial.obj (.text:vSERIAL_bout)
                  00013ab0    00000098     L2Sram2.obj (.text:vL2SRAM_FormatCmd_Q)
                  00013b48    00000096     misc.obj (.text:ucMISC_sleep_until_button_or_clk)
                  00013bde    00000096     MODOPT.obj (.text:vMODOPT_showAllRamOptionBits)
                  00013c74    00000094     comm_utilities.obj (.text:vComm_DE_BuildReportHdr)
                  00013d08    00000092     PMM.obj (.text:ucPMM_chkLowVoltage)
                  00013d9a    00000090     comm_utilities.obj (.text:ucComm_waitForMsgOrTimeout)
                  00013e2a    00000090     task_manager.obj (.text:ucTask_GetCmdParam)
                  00013eba    00000090     task_manager.obj (.text:ucTask_SetCmdParam)
                  00013f4a    00000090     adf7020.obj (.text:uslADF7020_GetRandomNoise)
                  00013fda    0000008e     rts430xl.lib : fs_div.obj (.text)
                  00014068    0000008e     comm_opmode.obj (.text:vComm_SendRTR)
                  000140f6    0000008e     report.obj (.text:vREPORT_LogReport)
                  00014184    0000008c     misc.obj (.text:vMISC_copyGenericIntoBytes)
                  00014210    0000008a     adf7020.obj (.text:vADF7020_TXRXSwitch)
                  0001429a    0000008a     L2Sram2.obj (.text:vL2SRAM_GetCmdAddrs)
                  00014324    00000088     MODOPT.obj (.text:vMODOPT_showSingleRamOptionBit)
                  000143ac    00000088     sensor.obj (.text:vSENSOR_showSensorName)
                  00014434    00000086     adf7020.obj (.text:ucADF7020_SampleRSSI)
                  000144ba    00000086     key.obj (.text:ucKEY_doKeyboardCmdInput)
                  00014540    00000086     SP_I2C.obj (.text:ucSP_WaitForMessage)
                  000145c6    00000086     task_manager.obj (.text:uiTask_countSOM2andROM2entrys)
                  0001464c    00000086     sram.obj (.text:vSRAM_write_B32)
                  000146d2    00000086     time.obj (.text:vTIME_init)
                  00014758    00000084     SD_Card.obj (.text:SD_Erase_Block)
                  000147dc    00000084     SP_I2C.obj (.text:ucSP_SetActiveBoard)
                  00014860    00000084     task_dispatch.obj (.text:ucTask_VerifyChangeableCommand)
                  000148e4    00000084     key.obj (.text:vKEY_ResetSDLogging)
                  00014968    00000084     task_manager.obj (.text:vTask_ClearDynSector)
                  000149ec    00000082     adf7020.obj (.text:ucADF7020_GetGMC)
                  00014a6e    00000082     comm_discovery.obj (.text:vComm_Msg_buildBeacon)
                  00014af0    00000082     comm_opmode.obj (.text:vComm_SendAck)
                  00014b72    00000082     pick.obj (.text:vPICK_putSSP_tblEntry)
                  00014bf4    00000080     config.obj (.text:vConfig_InitializePorts)
                  00014c74    00000080     flash_mcu.obj (.text:vFlash_Write_Segment)
                  00014cf4    00000080     comm_utilities.obj (.text:vMSG_showStorageErr)
                  00014d74    00000080     NUMCMD.obj (.text:vNUMCMD_showCmdName)
                  00014df4    0000007e     sensor.obj (.text:vSENSOR_showJustifiedStr)
                  00014e72    0000007e     spi.obj (.text:vSPI_Init)
                  00014ef0    0000007e     task_manager.obj (.text:vTask_showTaskName)
                  00014f6e    0000007c     task_manager.obj (.text:vUpdateTskIdx)
                  00014fea    0000007a     rts.obj (.text:vRTS_SetEmptySlotstoSleep)
                  00015064    00000078     NUMCMD.obj (.text:cNUMCMD_getCmdNum)
                  000150dc    00000078     serial.obj (.text:ucSERIAL_Wait_for_Message)
                  00015154    00000078     pick.obj (.text:ulPICK_getSSP_tblEntry)
                  000151cc    00000076     comm_routing.obj (.text:ucRoute_AddEdge)
                  00015242    00000076     comm_routing.obj (.text:ucRoute_NodeJoin)
                  000152b8    00000076     L2Sram2.obj (.text:ulL2SRAM_AddNode_toQueue)
                  0001532e    00000076     adf7020.obj (.text:vADF7020_WriteRegister)
                  000153a4    00000076     key.obj (.text:vKEY_setTime)
                  0001541a    00000076     NUMCMD.obj (.text:vNUMCMD_doCmdInputAndDispatch)
                  00015490    00000074     rts430xl.lib : trgdrv.obj (.text:HOSTrename)
                  00015504    00000074     daytime.obj (.text:vDAYTIME_convertDstructToShow)
                  00015578    00000074     fram.obj (.text:vFRAM_write_B32)
                  000155ec    00000074     time.obj (.text:vTime_SetLPM_DelayAlarm)
                  00015660    00000072     L2fram.obj (.text:ucL2FRAM_WriteReportToSDCardBuff)
                  000156d2    00000070     daytime.obj (.text:lDAYTIME_convertTstructToSec)
                  00015742    00000070     comm_discovery.obj (.text:ucComm_WaitFor_Beacon)
                  000157b2    00000070     buz.obj (.text:vBUZ_play_tune)
                  00015822    00000070     comm_opmode.obj (.text:vComm_SetChannel)
                  00015892    00000070     MODACT.obj (.text:vMODACT_addAction)
                  00015902    00000070     time.obj (.text:vTIME_setAlarmFromLong)
                  00015972    0000006e     rts430xl.lib : trgdrv.obj (.text:HOSTopen)
                  000159e0    0000006e     fram.obj (.text:ucFRAM_chk_fram_blk)
                  00015a4e    0000006e     gid.obj (.text:ucGID_compareOnlySysGidToBytes)
                  00015abc    0000006e     gid.obj (.text:ucGID_compareOnlySysGrpSelectToBytes)
                  00015b2a    0000006e     adf7020.obj (.text:unADF7020_Read_Readback_Register)
                  00015b98    0000006e     adf7020.obj (.text:vADF7020_Write_Readback_Register)
                  00015c06    0000006e     L2Sram2.obj (.text:vL2SRAM_incQptr)
                  00015c74    0000006e     MODACT.obj (.text:vMODACT_modifyYtrigger)
                  00015ce2    0000006e     pick.obj (.text:vPICK_initSSPtbls)
                  00015d50    0000006c     rts.obj (.text:ucRTS_CheckforConflict)
                  00015dbc    0000006c     report.obj (.text:ucReport_ReadDEFromRAM)
                  00015e28    0000006c     L2Sram2.obj (.text:vL2SRAM_storeMsgToSram)
                  00015e94    0000006a     rts430xl.lib : trgdrv.obj (.text:HOSTwrite)
                  00015efe    0000006a     SP_I2C.obj (.text:ucSP_ChkMsgIntegrity)
                  00015f68    0000006a     serial.obj (.text:ucSerial_AsciiToByte)
                  00015fd2    0000006a     time.obj (.text:ucTimeCheckForAlarms)
                  0001603c    0000006a     serial.obj (.text:uiSERIAL_timedBin)
                  000160a6    0000006a     crc.obj (.text:vCRC16_updateNibble)
                  00016110    0000006a     daytime.obj (.text:vDAYTIME_convertDstructAndTstructToSetSysTime)
                  0001617a    0000006a     key.obj (.text:vKEY_SetWiSARDNet_ID)
                  000161e4    00000068     rts430xl.lib : trgdrv.obj (.text:HOSTread)
                  0001624c    00000068                  : autoinit.obj (.text:_auto_init)
                  000162b4    00000068     flash_mcu.obj (.text:vFlash_Read_Segment)
                  0001631c    00000068     SP_I2C.obj (.text:vSP_SetRole)
                  00016384    00000066     L2fram.obj (.text:ucL2FRAM_findTSB_SN)
                  000163ea    00000066     key.obj (.text:vKEY_uploadDataToPC)
                  00016450    00000064     spi.obj (.text:ucSPI_IO_Transaction)
                  000164b4    00000062     SP_I2C.obj (.text:ucSP_TXStartCondition)
                  00016516    00000062     key.obj (.text:vKEY_showTables)
                  00016578    00000062     MODACT.obj (.text:vMODACT_showAllPossibleActions)
                  000165da    00000060     comm_opmode.obj (.text:ucComm_WaitForAck)
                  0001663a    00000060     L2fram.obj (.text:uiL2FRAM_chk_for_fram_format)
                  0001669a    00000060     adf7020.obj (.text:unADF7020_StartTransmission)
                  000166fa    00000060     comm_opmode.obj (.text:vComm_Receive_Data)
                  0001675a    00000060     serial.obj (.text:vSERIAL_HBV32out)
                  000167ba    0000005e     comm_routing.obj (.text:ucRoute_Init)
                  00016818    0000005e     time.obj (.text:ucTime_SetSubslotAlarm)
                  00016876    0000005e     rand.obj (.text:uslRAND_getFullSysSeed)
                  000168d4    0000005e     flash_mcu.obj (.text:vFlash_SetHID)
                  00016932    0000005c     rts.obj (.text:ucRTS_CheckNSTSlotforEntry)
                  0001698e    0000005c     adf7020.obj (.text:unADF7020_ReadRXBuffer)
                  000169ea    0000005c     LNKBLK.obj (.text:vLNKBLK_zeroEntireLnkBlkTbl)
                  00016a46    0000005c     MODOPT.obj (.text:vMODOPT_copyAllRomOptionsToFramOptions)
                  00016aa2    0000005c     sram.obj (.text:vSRAM_write_B8)
                  00016afe    0000005a     L2Sram2.obj (.text:ulL2SRAM_CheckForNode)
                  00016b58    0000005a     delay.obj (.text:vDELAY_LPMWait1us)
                  00016bb2    0000005a     fram.obj (.text:vFRAM_show_fram)
                  00016c0c    0000005a     gs.obj (.text:vGS_SendRTS)
                  00016c66    0000005a     L2Sram2.obj (.text:vL2SRAM_init)
                  00016cc0    0000005a     MODOPT.obj (.text:vMODOPT_writeSingleFramOptionBit)
                  00016d1a    0000005a     serial.obj (.text:vSERIAL_padded_rom_sout)
                  00016d74    00000058     rts430xl.lib : div32u.obj (.text)
                  00016dcc    00000058     adf7020.obj (.text:unADF7020_SetChannel)
                  00016e24    00000058     MODOPT.obj (.text:vMODOPT_cmdSetRole)
                  00016e7c    00000058     serial.obj (.text:vSERIAL_generic_IVout)
                  00016ed4    00000056     ad.obj (.text:uiAD_CalibrateTemp)
                  00016f2a    00000056     NUMCMD.obj (.text:vNUMCMD_showCmdList)
                  00016f80    00000056     serial.obj (.text:vSERIAL_init)
                  00016fd6    00000054     L2Sram2.obj (.text:ucL2SRAM_IsCmdQueueFormatted)
                  0001702a    00000054     comm_routing.obj (.text:ucRoute_GetUpdateCountBytes)
                  0001707e    00000054     task_manager.obj (.text:ucTask_FetchTaskIndex)
                  000170d2    00000054     adf7020.obj (.text:unADF7020_LoadTXBuffer)
                  00017126    00000054     L2fram.obj (.text:vL2FRAM_SDCardOvrflowToBuff)
                  0001717a    00000052     sram.obj (.text:ucSRAM_read_B8)
                  000171cc    00000052     SP_I2C.obj (.text:vSP_Command_SensorTypes)
                  0001721e    00000050     rts.obj (.text:ucRTS_CheckforEmptySlot)
                  0001726e    00000050     task_manager.obj (.text:ucTask_RemoveProcessor)
                  000172be    00000050     fram.obj (.text:vFRAM_bout)
                  0001730e    00000050     flash_mcu.obj (.text:vFlash_GetHID)
                  0001735e    00000050     SP_I2C.obj (.text:vSP_TurnOff)
                  000173ae    0000004e     fram.obj (.text:ucFRAM_bin)
                  000173fc    0000004e     fulldiag.obj (.text:ucFULLDIAG_exit_next_repeat)
                  0001744a    0000004e     sram.obj (.text:uiSRAM_read_B16)
                  00017498    0000004e     L2fram.obj (.text:vL2FRAM_ReadSDCardBuffer)
                  000174e6    0000004e     MODOPT.obj (.text:vMODOPT_writeSingleRamOptionBit)
                  00017534    0000004e     comm_routing.obj (.text:vRoute_DisplayEdges)
                  00017582    0000004e     SP_I2C.obj (.text:vSP_DisplayName)
                  000175d0    0000004c     rts430xl.lib : trgdrv.obj (.text:HOSTclose)
                  0001761c    0000004c     task_manager.obj (.text:vTask_CleanTaskList)
                  00017668    0000004c     task_dispatch.obj (.text:vTask_showBattReading)
                  000176b4    0000004a     SD_Card.obj (.text:SD_Card_WaitBusy)
                  000176fe    0000004a     adf7020.obj (.text:iADF7020_RequestRSSI)
                  00017748    0000004a     rts430xl.lib : fs_cmp.obj (.text)
                  00017792    0000004a     fram.obj (.text:uiFRAM_read_B16)
                  000177dc    00000048     L2fram.obj (.text:ucL2FRAM_findTSB)
                  00017824    00000048     task_manager.obj (.text:ucTask_SearchforLink)
                  0001786c    00000048     rand.obj (.text:uslRAND_getRolledFullForeignSeed)
                  000178b4    00000048     daytime.obj (.text:vDAYTIME_convertTstructToShow)
                  000178fc    00000048     MODACT.obj (.text:vMODACT_modifyActionTbl)
                  00017944    00000048     SP_I2C.obj (.text:vSP_GetSPMsgVersions)
                  0001798c    00000046     rts430xl.lib : trgdrv.obj (.text:HOSTunlink)
                  000179d2    00000046     L2Sram2.obj (.text:ucL2SRAM_getCopyOfCurMsg)
                  00017a18    00000046     LNKBLK.obj (.text:ucLNKBLK_CheckLinkConflict)
                  00017a5e    00000046     LNKBLK.obj (.text:ucLNKBLK_FindEmptyBlk)
                  00017aa4    00000046     SP_I2C.obj (.text:ucSP_GrabMessageFromBuffer)
                  00017aea    00000046     adf7020.obj (.text:unADF7020_ClearTXBuffer)
                  00017b30    00000046     key.obj (.text:vKEY_IDchange)
                  00017b76    00000046     LNKBLK.obj (.text:vLNKBLK_writeSingleLnkBlkEntry)
                  00017bbc    00000046     MODOPT.obj (.text:vMODOPT_cmdClrOption)
                  00017c02    00000046     MODOPT.obj (.text:vMODOPT_cmdSetOption)
                  00017c48    00000046     SP_I2C.obj (.text:vSP_GetHID)
                  00017c8e    00000044     adf7020.obj (.text:unADF7020_ClearRXBuffer)
                  00017cd2    00000044     L2Sram2.obj (.text:vL2SRAM_FetchCommand)
                  00017d16    00000044     serial.obj (.text:vSERIAL_I16out)
                  00017d5a    00000042     MODOPT.obj (.text:ucMODOPT_readSingleRamOptionBit)
                  00017d9c    00000042     MODOPT.obj (.text:vMODOPT_showAllRomOptionTblNames)
                  00017dde    00000042     serial.obj (.text:vSERIAL_IV16out)
                  00017e20    00000042     serial.obj (.text:vSERIAL_UI32out)
                  00017e62    00000042     SP_I2C.obj (.text:vSP_FetchSPName)
                  00017ea4    00000042     sram.obj (.text:vSRAM_write_B16)
                  00017ee6    00000040     rts430xl.lib : div32s.obj (.text)
                  00017f26    00000040     LNKBLK.obj (.text:ucLNKBLK_FetchNumofLinkTimes)
                  00017f66    00000040     ad.obj (.text:vAD_setup_analog_bits)
                  00017fa6    00000040     fulldiag.obj (.text:vFULLDIAG_test_radio_discovery)
                  00017fe6    00000040     serial.obj (.text:vSERIAL_UIV32out)
                  00018026    0000003e     rts430xl.lib : lsl32.obj (.text:l_lsl_const)
                  00018064    0000003e                  : lsr32.obj (.text:l_lsr_const)
                  000180a2    0000003e     adf7020.obj (.text:ucADF7020_ChkforRadio)
                  000180e0    0000003e     serial.obj (.text:ucSERIAL_confirm)
                  0001811e    0000003e     comm_utilities.obj (.text:vComm_showSNmismatch)
                  0001815c    0000003e     fram.obj (.text:vFRAM_write_B16)
                  0001819a    0000003e     serial.obj (.text:vSERIAL_ReadBuffer)
                  000181d8    0000003e     serial.obj (.text:vSERIAL_UI8_2char_out)
                  00018216    0000003e     ucs.obj (.text:vUCS_InitializeClock)
                  00018254    0000003c     time.obj (.text:lTIME_getSlotNumFromTime)
                  00018290    0000003c     comm_utilities.obj (.text:vComm_Msg_buildOperational)
                  000182cc    0000003c     daytime.obj (.text:vDAYTIME_convertSysTimeToShowDateAndTime)
                  00018308    0000003c     fulldiag.obj (.text:vFULLDIAG_test_radio_opmode)
                  00018344    0000003c     serial.obj (.text:vSERIAL_IV8out)
                  00018380    0000003c     serial.obj (.text:vSERIAL_UI8out)
                  000183bc    0000003c     spi.obj (.text:vSPI_CleanBuff)
                  000183f8    0000003c     time.obj (.text:vTIME_setSysTimeFromLong)
                  00018434    0000003c     time.obj (.text:vTime_SetLinkSlotAlarm)
                  00018470    0000003a     time.obj (.text:lTIME_getFrameNumFromTime)
                  000184aa    0000003a     comm_routing.obj (.text:ucRoute_GetUpdateCount)
                  000184e4    0000003a     ad.obj (.text:uiAD_read)
                  0001851e    0000003a     ad.obj (.text:vAD_clearout_analog_bits)
                  00018558    0000003a     flash_mcu.obj (.text:vFlash_Erase_Seg)
                  00018592    0000003a     MODOPT.obj (.text:vMODOPT_showOptionColHeader)
                  000185cc    0000003a     serial.obj (.text:vSERIAL_UIV8out)
                  00018606    0000003a     SP_I2C.obj (.text:vSP_SendMessage)
                  00018640    00000038     LNKBLK.obj (.text:lLNKBLK_readSingleLnkBlkEntry)
                  00018678    00000038     task_manager.obj (.text:uiTask_GetUniqueID)
                  000186b0    00000038     L2fram.obj (.text:ulL2FRAM_GetLastSDCardBlockNum)
                  000186e8    00000038     fram.obj (.text:vFRAM_fillFramBlk)
                  00018720    00000038     MODACT.obj (.text:vMODACT_silentChangeYtrigger)
                  00018758    00000038     rts.obj (.text:vRTS_schedule_Scheduler_slot)
                  00018790    00000038     comm_routing.obj (.text:vRouteClrAllUpdates)
                  000187c8    00000038     serial.obj (.text:vSERIAL_colTab)
                  00018800    00000036     rts430xl.lib : trgmsg.obj (.text:__TI_writemsg)
                  00018836    00000036     MODACT.obj (.text:ucMODACT_isChangeableAction)
                  0001886c    00000036     serial.obj (.text:ulSERIAL_UI32in)
                  000188a2    00000036     adf7020.obj (.text:unADF7020_ForceRXPacket)
                  000188d8    00000036     misc.obj (.text:vMISC_blinkLED)
                  0001890e    00000036     serial.obj (.text:vSERIAL_CleanBuffer)
                  00018944    00000036     serial.obj (.text:vSERIAL_IV32out)
                  0001897a    00000036     serial.obj (.text:vSERIAL_UI16out)
                  000189b0    00000036     spi.obj (.text:vSPI_RX_Bytes)
                  000189e6    00000034     comm_opmode.obj (.text:vComm_zroMissedMsgCnt)
                  00018a1a    00000034     LNKBLK.obj (.text:vLNKBLK_clrSingleLnkBlk)
                  00018a4e    00000034     MODOPT.obj (.text:vMODOPT_cmdSilentClrOption)
                  00018a82    00000034     MODOPT.obj (.text:vMODOPT_cmdSilentSetOption)
                  00018ab6    00000034     rts.obj (.text:vRTS_runScheduler)
                  00018aea    00000034     serial.obj (.text:vSERIAL_UIV16out)
                  00018b1e    00000032     SD_Card_Testing.obj (.text:SD_Testing_Fill)
                  00018b50    00000032     SD_Card_Testing.obj (.text:SD_Testing_FillInc)
                  00018b82    00000032     rts430xl.lib : trgmsg.obj (.text:__TI_readmsg)
                  00018bb4    00000032     ad.obj (.text:uiAD_full_init_setup_read_and_shutdown)
                  00018be6    00000032     adf7020.obj (.text:vADF7020_SendMsg)
                  00018c18    00000032     misc.obj (.text:vMISC_copyUlongIntoBytes)
                  00018c4a    00000032     spi.obj (.text:vSPI_TXBytes)
                  00018c7c    00000030     ad.obj (.text:vAD_select_chan)
                  00018cac    00000030     L2fram.obj (.text:vL2FRAM_copySnumLo16ToBytes)
                  00018cdc    00000030     L2Sram2.obj (.text:vL2SRAM_UpdateTotalCmds)
                  00018d0c    00000030     report.obj (.text:vReport_RAM_QueueInit)
                  00018d3c    00000030     serial.obj (.text:vSERIAL_HB24out)
                  00018d6c    0000002e     daytime.obj (.text:vDAYTIME_convertSecToShow)
                  00018d9a    0000002e     fulldiag.obj (.text:vFULLDIAG_test_LED)
                  00018dc8    0000002e     serial.obj (.text:vSERIAL_HB4out)
                  00018df6    0000002c     rts430xl.lib : div16s.obj (.text)
                  00018e22    0000002c     task_manager.obj (.text:ucTask_FetchAllSPTasks)
                  00018e4e    0000002c     key.obj (.text:vKEY_DisplaySDBlockNum)
                  00018e7a    0000002c     LNKBLK.obj (.text:vLNKBLK_ClearLnkBlkFlags)
                  00018ea6    0000002c     LNKBLK.obj (.text:vLNKBLK_WriteLnkBlkFlags)
                  00018ed2    0000002a     serial.obj (.text:cSERIAL_rom_strlen)
                  00018efc    0000002a     rts430xl.lib : memcpy.obj (.text:memcpy)
                  00018f26    0000002a     crc.obj (.text:vCRC16_updateByte)
                  00018f50    0000002a     L2fram.obj (.text:vL2FRAM_WriteNFL_SDCardBuff)
                  00018f7a    0000002a     MODOPT.obj (.text:vMODOPT_cmdModifyOptionTbls)
                  00018fa4    0000002a     MODOPT.obj (.text:vMODOPT_copyAllFramOptionsToRamOptions)
                  00018fce    0000002a     MODSTORE.obj (.text:vMODSTORE_modifyStorageTbls)
                  00018ff8    0000002a     serial.obj (.text:vSERIAL_repeatChar)
                  00019022    0000002a     task_dispatch.obj (.text:vTask_RSSI)
                  0001904c    00000028     ad.obj (.text:vAD_init)
                  00019074    00000028     L2fram.obj (.text:vL2FRAM_CleanSDCardBuff)
                  0001909c    00000028     L2fram.obj (.text:vL2FRAM_IncrementSDCardBlockNum)
                  000190c4    00000028     rand.obj (.text:vRAND_stuffFullSysSeed)
                  000190ec    00000028     task_manager.obj (.text:vTask_ShowAllTasks)
                  00019114    00000026     LNKBLK.obj (.text:vLNKBLK_showLnkReq)
                  0001913a    00000026     serial.obj (.text:vSERIAL_printDashIntro)
                  00019160    00000026     time.obj (.text:vTime_LatencyTimer)
                  00019186    00000024     SD_Card.obj (.text:SD_Send_Dummy)
                  000191aa    00000024     time.obj (.text:lTIME_convertTimeToLinearSlotNum)
                  000191ce    00000024     fram.obj (.text:ucFRAM_read_B8)
                  000191f2    00000024     L2fram.obj (.text:ucL2FRAM_getNextFreeTSB)
                  00019216    00000024     LNKBLK.obj (.text:ucLNKBLK_ReadLnkBlkFlags)
                  0001923a    00000024     MODOPT.obj (.text:ucMODOPT_readFramOptionByte)
                  0001925e    00000024     rom.obj (.text:uiROM_getRomConfigSnumAsUint)
                  00019282    00000024     fram.obj (.text:vFRAM_write_B8)
                  000192a6    00000024     key.obj (.text:vKEY_restoreFRAM)
                  000192ca    00000024     serial.obj (.text:vSERIAL_quit)
                  000192ee    00000024     serial.obj (.text:vSERIAL_rom_sout)
                  00019312    00000024     time.obj (.text:vTIME_setSubSecFromUint)
                  00019336    00000022     rts430xl.lib : mult32_f5hw.obj (.text)
                  00019358    00000022     L2fram.obj (.text:ucL2FRAM_getTSBTblCount)
                  0001937a    00000022     rts.obj (.text:ucRTS_computeNSTfromFrameNum)
                  0001939c    00000022     serial.obj (.text:ucSERIAL_toupper)
                  000193be    00000022     L2fram.obj (.text:uiL2FRAM_getYtriggerVal)
                  000193e0    00000022     button.obj (.text:vBUTTON_init)
                  00019402    00000022     L2fram.obj (.text:vL2FRAM_Init_SDCardPtrs)
                  00019424    00000022     L2fram.obj (.text:vL2FRAM_putYtriggerVal)
                  00019446    00000022     MODOPT.obj (.text:vMODOPT_cmdSilentSetRole)
                  00019468    00000022     SP_I2C.obj (.text:vSP_ShutdownComm)
                  0001948a    00000020     L2fram.obj (.text:ucL2FRAM_isHub)
                  000194aa    00000020     rand.obj (.text:ucRAND_getRolledMidSysSeed)
                  000194ca    00000020     serial.obj (.text:ucSERIAL_isnum)
                  000194ea    00000020     SP_I2C.obj (.text:ucSP_FetchTransSmplDur)
                  0001950a    00000020     SP_I2C.obj (.text:ucSP_FetchTransType)
                  0001952a    00000020     SP_I2C.obj (.text:ucSP_IsAttached)
                  0001954a    00000020     L2fram.obj (.text:ulL2FRAM_GetSDCardBlockNum)
                  0001956a    00000020     adf7020.obj (.text:vADF7020_WakeUp)
                  0001958a    00000020     L2fram.obj (.text:vL2FRAM_SetSDCardBlockNum)
                  000195aa    00000020     L2fram.obj (.text:vL2FRAM_incRebootCount)
                  000195ca    00000020     L2fram.obj (.text:vL2FRAM_stuffSavedTime)
                  000195ea    00000020     main.obj (.text:vMAIN_showVersionNum)
                  0001960a    00000020     MODOPT.obj (.text:vMODOPT_writeFramOptionByte)
                  0001962a    00000020     SP_I2C.obj (.text:vSP_TurnoffAll)
                  0001964a    00000020     time.obj (.text:vTIME_setSysTimeFromClk2)
                  0001966a    0000001e     misc.obj (.text:uiMISC_buildUintFromBytes)
                  00019688    0000001e     adf7020.obj (.text:vADF7020_SetDATACLKDirection)
                  000196a6    0000001e     adf7020.obj (.text:vADF7020_SetDATACLKInterrupt)
                  000196c4    0000001e     adf7020.obj (.text:vADF7020_SetDATAIODirection)
                  000196e2    0000001e     adf7020.obj (.text:vADF7020_SetINTLOCKDirection)
                  00019700    0000001e     adf7020.obj (.text:vADF7020_SetINTLOCKInterrupt)
                  0001971e    0000001e     adf7020.obj (.text:vADF7020_WriteCE)
                  0001973c    0000001e     adf7020.obj (.text:vADF7020_WriteDATACLK)
                  0001975a    0000001e     adf7020.obj (.text:vADF7020_WriteDATAIO)
                  00019778    0000001e     adf7020.obj (.text:vADF7020_WriteSCLK)
                  00019796    0000001e     adf7020.obj (.text:vADF7020_WriteSLE)
                  000197b4    0000001e     delay.obj (.text:vDELAY_wait100usTic)
                  000197d2    0000001e     key.obj (.text:vKEY_showFlashMsgCounts)
                  000197f0    0000001e     serial.obj (.text:vSERIAL_HB32out)
                  0001980e    0000001e     serial.obj (.text:vSERIAL_HBV16out)
                  0001982c    0000001e     serial.obj (.text:vSERIAL_setBinaryMode)
                  0001984a    0000001c     fulldiag.obj (.text:ucFULLDIAG_FLASH_0)
                  00019866    0000001c     serial.obj (.text:ucSERIAL_bin)
                  00019882    0000001c     serial.obj (.text:ucSERIAL_kbhit)
                  0001989e    0000001c     adf7020.obj (.text:vADF7020_SetPacketLength)
                  000198ba    0000001c     button.obj (.text:vBUTTON_ClrOnlyButtonCount)
                  000198d6    0000001c     comm_utilities.obj (.text:vComm_NetPkg_buildHdr)
                  000198f2    0000001c     gid.obj (.text:vGID_init)
                  0001990e    0000001c     MODOPT.obj (.text:vMODOPT_showCurRole)
                  0001992a    0000001c     MODOPT.obj (.text:vMODOPT_writeBothFramAndRamBit)
                  00019946    0000001c     MODSTORE.obj (.text:vMODSTORE_windbackFlashPtrs)
                  00019962    0000001c     time.obj (.text:vTIME_setClk2FromBytes)
                  0001997e    0000001c     time.obj (.text:vTIME_setClk2FromLong)
                  0001999a    0000001a     time.obj (.text:uiTIME_getSubSecAsUint)
                  000199b4    0000001a     misc.obj (.text:ulMISC_buildUlongFromBytes)
                  000199ce    0000001a     adf7020.obj (.text:vADF7020_StartReceiver)
                  000199e8    0000001a     adf7020.obj (.text:vADF7020_WriteSDATA)
                  00019a02    0000001a     report.obj (.text:vREPORT_buildReportAndLogIt)
                  00019a1c    0000001a     serial.obj (.text:vSERIAL_HB8out)
                  00019a36    00000018     gid.obj (.text:vGID_setWholeSysGidFromBytes)
                  00019a4e    00000018     led.obj (.text:vLED_GrnBlink)
                  00019a66    00000018     led.obj (.text:vLED_RedBlink)
                  00019a7e    00000018     report.obj (.text:vReport_RemoveDEFromRAM)
                  00019a96    00000018     serial.obj (.text:vSERIAL_HB16out)
                  00019aae    00000016     rts430xl.lib : div16u.obj (.text)
                  00019ac4    00000016                  : mult16_f5hw.obj (.text)
                  00019ada    00000016     adf7020.obj (.text:vADF7020_Quit)
                  00019af0    00000016     fram.obj (.text:vFRAM_send_WE_cmd)
                  00019b06    00000016     key.obj (.text:vKEY_showHelp)
                  00019b1c    00000016     MODOPT.obj (.text:vMODOPT_cmdShowOptions)
                  00019b32    00000016     rts.obj (.text:vRTS_schedule_loadonly_slot)
                  00019b48    00000016     rts.obj (.text:vRTS_schedule_no_slot)
                  00019b5e    00000016     spi.obj (.text:vSPI_Quit)
                  00019b74    00000016     SP_I2C.obj (.text:vSP_SetSPState)
                  00019b8a    00000016     task_dispatch.obj (.text:vTask_Reset)
                  00019ba0    00000014     comm_utilities.obj (.text:uiComm_incMsgSeqNum)
                  00019bb4    00000014     key.obj (.text:vKEY_showIDHelp)
                  00019bc8    00000014     L2fram.obj (.text:vL2FRAM_SetStateOnShutdown)
                  00019bdc    00000014     L2fram.obj (.text:vL2FRAM_setSysID)
                  00019bf0    00000014     L2fram.obj (.text:vL2FRAM_setTSBTblCount)
                  00019c04    00000014     MODSTORE.obj (.text:vMODSTORE_deleteOldFlashMsgs)
                  00019c18    00000014     MODSTORE.obj (.text:vMODSTORE_zeroTheFlash)
                  00019c2c    00000014     serial.obj (.text:vSERIAL_dash)
                  00019c40    00000014     serial.obj (.text:vSERIAL_spaces)
                  00019c54    00000012     rts430xl.lib : strcpy.obj (.text:strcpy)
                  00019c66    00000012                  : strlen.obj (.text:strlen)
                  00019c78    00000012     comm_opmode.obj (.text:ucComm_getOM2LinkByteVal)
                  00019c8a    00000012     L2Sram2.obj (.text:ucL2SRAM_Del_current_CMD)
                  00019c9c    00000012     rts.obj (.text:ucRTS_computeBCN_slot_0)
                  00019cae    00000012     ad.obj (.text:vAD_quit)
                  00019cc0    00000012     L2fram.obj (.text:vL2FRAM_showSysID)
                  00019cd2    00000012     L2Sram2.obj (.text:vL2SRAM_delCurMsg)
                  00019ce4    00000012     MODOPT.obj (.text:vMODOPT_cmdShowHelp)
                  00019cf6    00000012     MODOPT.obj (.text:vMODOPT_showCurIdentity)
                  00019d08    00000012     MODSTORE.obj (.text:vMODSTORE_showHelp)
                  00019d1a    00000012     SD_Card.obj (.text:vSD_PowerOn)
                  00019d2c    00000012     serial.obj (.text:vSERIAL_crlf)
                  00019d3e    00000012     task_dispatch.obj (.text:vTask_Sleep)
                  00019d50    00000010     rts430xl.lib : lsr32.obj (.text:l_lsr)
                  00019d60    00000010     gid.obj (.text:ucGID_getSysGrpSelectAsByte)
                  00019d70    00000010     SP_I2C.obj (.text:ucSP_FetchNumTransducers)
                  00019d80    00000010     SP_I2C.obj (.text:ucSP_FetchSPState)
                  00019d90    00000010     fram.obj (.text:vFRAM_quit)
                  00019da0    00000010     key.obj (.text:vKEY_restartSys)
                  00019db0    00000010     MODACT.obj (.text:vMODACT_showHelp)
                  00019dc0    0000000e     buz.obj (.text:vBUZ_morrie)
                  00019dce    0000000e     buz.obj (.text:vBUZ_raspberry)
                  00019ddc    0000000e     buz.obj (.text:vBUZ_raygun_down)
                  00019dea    0000000e     buz.obj (.text:vBUZ_raygun_up)
                  00019df8    0000000e     delay.obj (.text:vDELAY_wait100us)
                  00019e06    0000000e     fram.obj (.text:vFRAM_init)
                  00019e14    0000000e     L2fram.obj (.text:vL2FRAM_force_fram_unformat)
                  00019e22    0000000e     MODACT.obj (.text:vMODACT_showCurTasks)
                  00019e30    0000000e     spi.obj (.text:vSPI_bout)
                  00019e3e    0000000e     time.obj (.text:vTime_SetSlotCompareReg)
                  00019e4c    0000000c     button.obj (.text:ucBUTTON_isButtonFlgSet)
                  00019e58    0000000c     L2Sram2.obj (.text:ucL2SRAM_GetTotalCmds)
                  00019e64    0000000c     time.obj (.text:ucTIME_getECLKsts)
                  00019e70    0000000c     buz.obj (.text:vBUZ_scale_down)
                  00019e7c    0000000c     buz.obj (.text:vBUZ_test_successful)
                  00019e88    0000000c     buz.obj (.text:vBUZ_tune_TaDah_TaDah)
                  00019e94    0000000c     buz.obj (.text:vBUZ_tune_bad_news_1)
                  00019ea0    0000000c     buz.obj (.text:vBUZ_tune_bad_news_2)
                  00019eac    0000000c     buz.obj (.text:vBUZ_tune_imperial)
                  00019eb8    0000000c     gs.obj (.text:vGS_Init)
                  00019ec4    0000000c     SD_Card.obj (.text:vSD_PowerOff)
                  00019ed0    0000000a     SD_Card.obj (.text:SD_Send_Token)
                  00019eda    0000000a     time.obj (.text:lTIME_getAlarmAsLong)
                  00019ee4    0000000a     time.obj (.text:lTIME_getClk2AsLong)
                  00019eee    0000000a     time.obj (.text:lTIME_getSysTimeAsLong)
                  00019ef8    0000000a     rts430xl.lib : asr16.obj (.text)
                  00019f02    0000000a                  : fs_neg.obj (.text)
                  00019f0c    0000000a     L2fram.obj (.text:ucL2FRAM_GetStateOnShutdown)
                  00019f16    0000000a     L2fram.obj (.text:ucL2FRAM_isReceiver)
                  00019f20    0000000a     L2fram.obj (.text:ucL2FRAM_isSender)
                  00019f2a    0000000a     MODOPT.obj (.text:ucMODOPT_getCurRole)
                  00019f34    0000000a     L2fram.obj (.text:uiL2FRAM_ReadNFL_SDCardBuff)
                  00019f3e    0000000a     L2fram.obj (.text:uiL2FRAM_getSnumLo16AsUint)
                  00019f48    0000000a     L2fram.obj (.text:ulL2FRAM_getSavedTime)
                  00019f52    0000000a     rand.obj (.text:uslRAND_getRolledFullSysSeed)
                  00019f5c    0000000a     MODACT.obj (.text:vMODACT_showActionTbls)
                  00019f66    0000000a     MODACT.obj (.text:vMODACT_silentAddAction)
                  00019f70    0000000a     serial.obj (.text:vSERIAL_showXXXmsg)
                  00019f7a    00000008     spi.obj (.text:ucSPI_bin)
                  00019f82    00000008     L2fram.obj (.text:uiL2FRAM_get_version_num)
                  00019f8a    00000006     SD_Card.obj (.text:SD_Read_Byte)
                  00019f90    00000006     time.obj (.text:lTIME_getECLKtimeAsLong)
                  00019f96    00000006     gid.obj (.text:ucGID_getWholeSysGidHiByte)
                  00019f9c    00000006     gid.obj (.text:ucGID_getWholeSysGidLoByte)
                  00019fa2    00000006     main.obj (.text:ucMAIN_GetVersion)
                  00019fa8    00000006     SD_Card.obj (.text:ucSD_GetType)
                  00019fae    00000006     serial.obj (.text:ucSERIAL_readColTab)
                  00019fb4    00000006     L2Sram2.obj (.text:uiL2SRAM_getMsgCount)
                  00019fba    00000006     report.obj (.text:uiReport_RAM_QueueCount)
                  00019fc0    00000006     time.obj (.text:uiTime_GetSlotCompareReg)
                  00019fc6    00000006     adf7020.obj (.text:unADF7020_GetRadioState)
                  00019fcc    00000006     fulldiag.obj (.text:vFULLDIAG_deployment_diagnostic)
                  00019fd2    00000006     fulldiag.obj (.text:vFULLDIAG_test_buzzer)
                  00019fd8    00000006     key.obj (.text:vKEY_diagnostics)
                  00019fde    00000006     L2Sram2.obj (.text:vL2SRAM_storeMsgToSramIfAllowed)
                  00019fe4    00000006     led.obj (.text:vLED_GrnOff)
                  00019fea    00000006     led.obj (.text:vLED_GrnOn)
                  00019ff0    00000006     led.obj (.text:vLED_RedOff)
                  00019ff6    00000006     led.obj (.text:vLED_RedOn)
                  00019ffc    00000006     MODSTORE.obj (.text:vMODSTORE_showTables)
                  0001a002    00000006     PMM.obj (.text:vPMM_Reset)
                  0001a008    00000004     rts430xl.lib : pre_init.obj (.text:_system_pre_init)
                  0001a00c    00000004                  : exit.obj (.text:abort)
                  0001a010    00000004     fulldiag.obj (.text:ucFULLDIAG_RADIO_0)
                  0001a014    00000004     fulldiag.obj (.text:ucFULLDIAG_RADIO_2)
                  0001a018    00000002     rts430xl.lib : _lock.obj (.text:_nop)
                  0001a01a    00000002     fulldiag.obj (.text:ucFULLDIAG_SDBOARD_0)
                  0001a01c    00000002     fulldiag.obj (.text:ucFULLDIAG_SDBOARD_1)
                  0001a01e    00000002     diag.obj (.text:vDIAG_run_diagnostics)
                  0001a020    00000002     key.obj (.text:vKEY_exitFuncPlaceHolder)
                  0001a022    00000002     l2flash.obj (.text:vL2FLASH_getNextMsgFromFlash)
                  0001a024    00000002     MODACT.obj (.text:vMODACT_deleteAction)
                  0001a026    00000002     MODACT.obj (.text:vMODACT_modifySenseAct)
                  0001a028    00000002     task_manager.obj (.text:vTask_Dummy)


GLOBAL SYMBOLS: SORTED ALPHABETICALLY BY Name 

address   name                                         
-------   ----                                         
00001c00  .bss                                         
00001c00  .data                                        
ffffffff  .text                                        
00000700  ADC12CTL0                                    
00000701  ADC12CTL0_H                                  
00000700  ADC12CTL0_L                                  
00000702  ADC12CTL1                                    
00000703  ADC12CTL1_H                                  
00000702  ADC12CTL1_L                                  
00000704  ADC12CTL2                                    
00000705  ADC12CTL2_H                                  
00000704  ADC12CTL2_L                                  
0000070c  ADC12IE                                      
0000070d  ADC12IE_H                                    
0000070c  ADC12IE_L                                    
0000070a  ADC12IFG                                     
0000070b  ADC12IFG_H                                   
0000070a  ADC12IFG_L                                   
0000070e  ADC12IV                                      
0000070f  ADC12IV_H                                    
0000070e  ADC12IV_L                                    
00000710  ADC12MCTL0                                   
00000711  ADC12MCTL1                                   
0000071a  ADC12MCTL10                                  
0000071b  ADC12MCTL11                                  
0000071c  ADC12MCTL12                                  
0000071d  ADC12MCTL13                                  
0000071e  ADC12MCTL14                                  
0000071f  ADC12MCTL15                                  
00000712  ADC12MCTL2                                   
00000713  ADC12MCTL3                                   
00000714  ADC12MCTL4                                   
00000715  ADC12MCTL5                                   
00000716  ADC12MCTL6                                   
00000717  ADC12MCTL7                                   
00000718  ADC12MCTL8                                   
00000719  ADC12MCTL9                                   
00000720  ADC12MEM0                                    
00000721  ADC12MEM0_H                                  
00000720  ADC12MEM0_L                                  
00000722  ADC12MEM1                                    
00000734  ADC12MEM10                                   
00000735  ADC12MEM10_H                                 
00000734  ADC12MEM10_L                                 
00000736  ADC12MEM11                                   
00000737  ADC12MEM11_H                                 
00000736  ADC12MEM11_L                                 
00000738  ADC12MEM12                                   
00000739  ADC12MEM12_H                                 
00000738  ADC12MEM12_L                                 
0000073a  ADC12MEM13                                   
0000073b  ADC12MEM13_H                                 
0000073a  ADC12MEM13_L                                 
0000073c  ADC12MEM14                                   
0000073d  ADC12MEM14_H                                 
0000073c  ADC12MEM14_L                                 
0000073e  ADC12MEM15                                   
0000073f  ADC12MEM15_H                                 
0000073e  ADC12MEM15_L                                 
00000723  ADC12MEM1_H                                  
00000722  ADC12MEM1_L                                  
00000724  ADC12MEM2                                    
00000725  ADC12MEM2_H                                  
00000724  ADC12MEM2_L                                  
00000726  ADC12MEM3                                    
00000727  ADC12MEM3_H                                  
00000726  ADC12MEM3_L                                  
00000728  ADC12MEM4                                    
00000729  ADC12MEM4_H                                  
00000728  ADC12MEM4_L                                  
0000072a  ADC12MEM5                                    
0000072b  ADC12MEM5_H                                  
0000072a  ADC12MEM5_L                                  
0000072c  ADC12MEM6                                    
0000072d  ADC12MEM6_H                                  
0000072c  ADC12MEM6_L                                  
0000072e  ADC12MEM7                                    
0000072f  ADC12MEM7_H                                  
0000072e  ADC12MEM7_L                                  
00000730  ADC12MEM8                                    
00000731  ADC12MEM8_H                                  
00000730  ADC12MEM8_L                                  
00000732  ADC12MEM9                                    
00000733  ADC12MEM9_H                                  
00000732  ADC12MEM9_L                                  
00006592  ADC12_ISR                                    
00002c7a  ADF7020_Driver                               
00003dba  AutoTestExitStr                              
0001a00c  C$$EXIT                                      
00018832  C$$IO$$                                      
00000150  CRCDI                                        
00000152  CRCDIRB                                      
00000153  CRCDIRB_H                                    
00000152  CRCDIRB_L                                    
00000151  CRCDI_H                                      
00000150  CRCDI_L                                      
00000154  CRCINIRES                                    
00000155  CRCINIRES_H                                  
00000154  CRCINIRES_L                                  
00000156  CRCRESR                                      
00000157  CRCRESR_H                                    
00000156  CRCRESR_L                                    
00000510  DMA0CTL                                      
00000511  DMA0CTL_H                                    
00000510  DMA0CTL_L                                    
00000516  DMA0DA                                       
00000518  DMA0DAH                                      
00000516  DMA0DAL                                      
00000512  DMA0SA                                       
00000514  DMA0SAH                                      
00000512  DMA0SAL                                      
0000051a  DMA0SZ                                       
00000520  DMA1CTL                                      
00000521  DMA1CTL_H                                    
00000520  DMA1CTL_L                                    
00000526  DMA1DA                                       
00000528  DMA1DAH                                      
00000526  DMA1DAL                                      
00000522  DMA1SA                                       
00000524  DMA1SAH                                      
00000522  DMA1SAL                                      
0000052a  DMA1SZ                                       
00000530  DMA2CTL                                      
00000531  DMA2CTL_H                                    
00000530  DMA2CTL_L                                    
00000536  DMA2DA                                       
[...]
0001726e  ucTask_RemoveProcessor                       
0001730e  vFlash_GetHID                                
0001735e  vSP_TurnOff                                  
000173fc  ucFULLDIAG_exit_next_repeat                  
0001744a  uiSRAM_read_B16                              
00017498  vL2FRAM_ReadSDCardBuffer                     
000174e6  vMODOPT_writeSingleRamOptionBit              
00017534  vRoute_DisplayEdges                          
00017582  vSP_DisplayName                              
000175d0  HOSTclose                                    
0001761c  vTask_CleanTaskList                          
00017668  vTask_showBattReading                        
000176b4  SD_Card_WaitBusy                             
000176fe  iADF7020_RequestRSSI                         
00017748  __fs_cmp                                     
00017792  uiFRAM_read_B16                              
000177dc  ucL2FRAM_findTSB                             
00017824  ucTask_SearchforLink                         
0001786c  uslRAND_getRolledFullForeignSeed             
000178b4  vDAYTIME_convertTstructToShow                
000178fc  vMODACT_modifyActionTbl                      
00017944  vSP_GetSPMsgVersions                         
0001798c  HOSTunlink                                   
000179d2  ucL2SRAM_getCopyOfCurMsg                     
00017a18  ucLNKBLK_CheckLinkConflict                   
00017a5e  ucLNKBLK_FindEmptyBlk                        
00017aa4  ucSP_GrabMessageFromBuffer                   
00017aea  unADF7020_ClearTXBuffer                      
00017b76  vLNKBLK_writeSingleLnkBlkEntry               
00017c48  vSP_GetHID                                   
00017c8e  unADF7020_ClearRXBuffer                      
00017cd2  vL2SRAM_FetchCommand                         
00017d16  vSERIAL_I16out                               
00017d5a  ucMODOPT_readSingleRamOptionBit              
00017d9c  vMODOPT_showAllRomOptionTblNames             
00017dde  vSERIAL_IV16out                              
00017e20  vSERIAL_UI32out                              
00017e62  vSP_FetchSPName                              
00017ea4  vSRAM_write_B16                              
00017ee6  __divli                                      
00017ee6  __remli                                      
00017f26  ucLNKBLK_FetchNumofLinkTimes                 
00017f66  vAD_setup_analog_bits                        
00017fa6  vFULLDIAG_test_radio_discovery               
00017fe6  vSERIAL_UIV32out                             
00018026  L_LSL_15                                     
0001802a  L_LSL_14                                     
0001802e  L_LSL_13                                     
00018032  L_LSL_12                                     
00018036  L_LSL_11                                     
0001803a  L_LSL_10                                     
0001803e  L_LSL_9                                      
00018042  L_LSL_8                                      
00018046  L_LSL_7                                      
0001804a  L_LSL_6                                      
0001804e  L_LSL_5                                      
00018052  L_LSL_4                                      
00018056  L_LSL_3                                      
0001805a  L_LSL_2                                      
0001805e  L_LSL_1                                      
00018064  L_LSR_15                                     
00018068  L_LSR_14                                     
0001806c  L_LSR_13                                     
00018070  L_LSR_12                                     
00018074  L_LSR_11                                     
00018078  L_LSR_10                                     
0001807c  L_LSR_9                                      
00018080  L_LSR_8                                      
00018084  L_LSR_7                                      
00018088  L_LSR_6                                      
0001808c  L_LSR_5                                      
00018090  L_LSR_4                                      
00018094  L_LSR_3                                      
00018098  L_LSR_2                                      
0001809c  L_LSR_1                                      
000180a2  ucADF7020_ChkforRadio                        
000180e0  ucSERIAL_confirm                             
0001811e  vComm_showSNmismatch                         
0001815c  vFRAM_write_B16                              
0001819a  vSERIAL_ReadBuffer                           
000181d8  vSERIAL_UI8_2char_out                        
00018216  vUCS_InitializeClock                         
00018254  lTIME_getSlotNumFromTime                     
00018290  vComm_Msg_buildOperational                   
000182cc  vDAYTIME_convertSysTimeToShowDateAndTime     
00018308  vFULLDIAG_test_radio_opmode                  
00018344  vSERIAL_IV8out                               
00018380  vSERIAL_UI8out                               
000183bc  vSPI_CleanBuff                               
000183f8  vTIME_setSysTimeFromLong                     
00018434  vTime_SetLinkSlotAlarm                       
00018470  lTIME_getFrameNumFromTime                    
000184aa  ucRoute_GetUpdateCount                       
000184e4  uiAD_read                                    
0001851e  vAD_clearout_analog_bits                     
00018558  vFlash_Erase_Seg                             
00018592  vMODOPT_showOptionColHeader                  
000185cc  vSERIAL_UIV8out                              
00018606  vSP_SendMessage                              
00018640  lLNKBLK_readSingleLnkBlkEntry                
00018678  uiTask_GetUniqueID                           
000186b0  ulL2FRAM_GetLastSDCardBlockNum               
000186e8  vFRAM_fillFramBlk                            
00018720  vMODACT_silentChangeYtrigger                 
00018758  vRTS_schedule_Scheduler_slot                 
00018790  vRouteClrAllUpdates                          
000187c8  vSERIAL_colTab                               
00018800  __TI_writemsg                                
00018832  C$$IO$$                                      
00018836  ucMODACT_isChangeableAction                  
0001886c  ulSERIAL_UI32in                              
000188a2  unADF7020_ForceRXPacket                      
000188d8  vMISC_blinkLED                               
0001890e  vSERIAL_CleanBuffer                          
00018944  vSERIAL_IV32out                              
0001897a  vSERIAL_UI16out                              
000189b0  vSPI_RX_Bytes                                
000189e6  vComm_zroMissedMsgCnt                        
00018a1a  vLNKBLK_clrSingleLnkBlk                      
00018a4e  vMODOPT_cmdSilentClrOption                   
00018a82  vMODOPT_cmdSilentSetOption                   
00018ab6  vRTS_runScheduler                            
00018aea  vSERIAL_UIV16out                             
00018b1e  SD_Testing_Fill                              
00018b50  SD_Testing_FillInc                           
00018b82  __TI_readmsg                                 
00018bb4  uiAD_full_init_setup_read_and_shutdown       
00018be6  vADF7020_SendMsg                             
00018c18  vMISC_copyUlongIntoBytes                     
00018c4a  vSPI_TXBytes                                 
00018c7c  vAD_select_chan                              
00018cac  vL2FRAM_copySnumLo16ToBytes                  
00018cdc  vL2SRAM_UpdateTotalCmds                      
00018d0c  vReport_RAM_QueueInit                        
00018d3c  vSERIAL_HB24out                              
00018d6c  vDAYTIME_convertSecToShow                    
00018d9a  vFULLDIAG_test_LED                           
00018dc8  vSERIAL_HB4out                               
00018df6  __divi                                       
00018df6  __remi                                       
00018e22  ucTask_FetchAllSPTasks                       
00018e7a  vLNKBLK_ClearLnkBlkFlags                     
00018ea6  vLNKBLK_WriteLnkBlkFlags                     
00018ed2  cSERIAL_rom_strlen                           
00018efc  memcpy                                       
00018f26  vCRC16_updateByte                            
00018f50  vL2FRAM_WriteNFL_SDCardBuff                  
00018f7a  vMODOPT_cmdModifyOptionTbls                  
00018fa4  vMODOPT_copyAllFramOptionsToRamOptions       
00018fce  vMODSTORE_modifyStorageTbls                  
00018ff8  vSERIAL_repeatChar                           
00019022  vTask_RSSI                                   
0001904c  vAD_init                                     
0001909c  vL2FRAM_IncrementSDCardBlockNum              
000190c4  vRAND_stuffFullSysSeed                       
000190ec  vTask_ShowAllTasks                           
00019114  vLNKBLK_showLnkReq                           
0001913a  vSERIAL_printDashIntro                       
00019160  vTime_LatencyTimer                           
000191aa  lTIME_convertTimeToLinearSlotNum             
000191ce  ucFRAM_read_B8                               
000191f2  ucL2FRAM_getNextFreeTSB                      
00019216  ucLNKBLK_ReadLnkBlkFlags                     
0001923a  ucMODOPT_readFramOptionByte                  
0001925e  uiROM_getRomConfigSnumAsUint                 
00019282  vFRAM_write_B8                               
000192a6  vKEY_restoreFRAM                             
000192ca  vSERIAL_quit                                 
000192ee  vSERIAL_rom_sout                             
00019312  vTIME_setSubSecFromUint                      
00019336  __mpyl_f5hw                                  
00019358  ucL2FRAM_getTSBTblCount                      
0001937a  ucRTS_computeNSTfromFrameNum                 
0001939c  ucSERIAL_toupper                             
000193be  uiL2FRAM_getYtriggerVal                      
000193e0  vBUTTON_init                                 
00019424  vL2FRAM_putYtriggerVal                       
00019446  vMODOPT_cmdSilentSetRole                     
00019468  vSP_ShutdownComm                             
0001948a  ucL2FRAM_isHub                               
000194aa  ucRAND_getRolledMidSysSeed                   
000194ca  ucSERIAL_isnum                               
000194ea  ucSP_FetchTransSmplDur                       
0001950a  ucSP_FetchTransType                          
0001952a  ucSP_IsAttached                              
0001954a  ulL2FRAM_GetSDCardBlockNum                   
0001956a  vADF7020_WakeUp                              
0001958a  vL2FRAM_SetSDCardBlockNum                    
000195aa  vL2FRAM_incRebootCount                       
000195ca  vL2FRAM_stuffSavedTime                       
000195ea  vMAIN_showVersionNum                         
0001960a  vMODOPT_writeFramOptionByte                  
0001962a  vSP_TurnoffAll                               
0001964a  vTIME_setSysTimeFromClk2                     
0001966a  uiMISC_buildUintFromBytes                    
000197b4  vDELAY_wait100usTic                          
000197d2  vKEY_showFlashMsgCounts                      
000197f0  vSERIAL_HB32out                              
0001980e  vSERIAL_HBV16out                             
0001982c  vSERIAL_setBinaryMode                        
00019866  ucSERIAL_bin                                 
00019882  ucSERIAL_kbhit                               
0001989e  vADF7020_SetPacketLength                     
000198ba  vBUTTON_ClrOnlyButtonCount                   
000198d6  vComm_NetPkg_buildHdr                        
000198f2  vGID_init                                    
0001990e  vMODOPT_showCurRole                          
0001992a  vMODOPT_writeBothFramAndRamBit               
00019962  vTIME_setClk2FromBytes                       
0001997e  vTIME_setClk2FromLong                        
0001999a  uiTIME_getSubSecAsUint                       
000199b4  ulMISC_buildUlongFromBytes                   
000199ce  vADF7020_StartReceiver                       
00019a02  vREPORT_buildReportAndLogIt                  
00019a1c  vSERIAL_HB8out                               
00019a36  vGID_setWholeSysGidFromBytes                 
00019a4e  vLED_GrnBlink                                
00019a66  vLED_RedBlink                                
00019a7e  vReport_RemoveDEFromRAM                      
00019a96  vSERIAL_HB16out                              
00019aae  __divu                                       
00019aae  __remu                                       
00019ac4  __mpyi_f5hw                                  
00019ada  vADF7020_Quit                                
00019b5e  vSPI_Quit                                    
00019b74  vSP_SetSPState                               
00019b8a  vTask_Reset                                  
00019ba0  uiComm_incMsgSeqNum                          
00019bb4  vKEY_showIDHelp                              
00019bc8  vL2FRAM_SetStateOnShutdown                   
00019bdc  vL2FRAM_setSysID                             
00019c2c  vSERIAL_dash                                 
00019c40  vSERIAL_spaces                               
00019c54  strcpy                                       
00019c66  strlen                                       
00019c78  ucComm_getOM2LinkByteVal                     
00019c8a  ucL2SRAM_Del_current_CMD                     
00019cae  vAD_quit                                     
00019cc0  vL2FRAM_showSysID                            
00019cd2  vL2SRAM_delCurMsg                            
00019cf6  vMODOPT_showCurIdentity                      
00019d1a  vSD_PowerOn                                  
00019d2c  vSERIAL_crlf                                 
00019d3e  vTask_Sleep                                  
00019d50  L_LSR                                        
00019d60  ucGID_getSysGrpSelectAsByte                  
00019d70  ucSP_FetchNumTransducers                     
00019d80  ucSP_FetchSPState                            
00019d90  vFRAM_quit                                   
00019dc0  vBUZ_morrie                                  
00019dce  vBUZ_raspberry                               
00019ddc  vBUZ_raygun_down                             
00019dea  vBUZ_raygun_up                               
00019df8  vDELAY_wait100us                             
00019e06  vFRAM_init                                   
00019e14  vL2FRAM_force_fram_unformat                  
00019e22  vMODACT_showCurTasks                         
00019e30  vSPI_bout                                    
00019e3e  vTime_SetSlotCompareReg                      
00019e4c  ucBUTTON_isButtonFlgSet                      
00019e58  ucL2SRAM_GetTotalCmds                        
00019e64  ucTIME_getECLKsts                            
00019e70  vBUZ_scale_down                              
00019e7c  vBUZ_test_successful                         
00019e88  vBUZ_tune_TaDah_TaDah                        
00019e94  vBUZ_tune_bad_news_1                         
00019ea0  vBUZ_tune_bad_news_2                         
00019eac  vBUZ_tune_imperial                           
00019eb8  vGS_Init                                     
00019ec4  vSD_PowerOff                                 
00019eda  lTIME_getAlarmAsLong                         
00019ee4  lTIME_getClk2AsLong                          
00019eee  lTIME_getSysTimeAsLong                       
00019ef8  I_ASR                                        
00019f02  __fs_neg                                     
00019f0c  ucL2FRAM_GetStateOnShutdown                  
00019f16  ucL2FRAM_isReceiver                          
00019f20  ucL2FRAM_isSender                            
00019f2a  ucMODOPT_getCurRole                          
00019f34  uiL2FRAM_ReadNFL_SDCardBuff                  
00019f3e  uiL2FRAM_getSnumLo16AsUint                   
00019f48  ulL2FRAM_getSavedTime                        
00019f52  uslRAND_getRolledFullSysSeed                 
00019f66  vMODACT_silentAddAction                      
00019f70  vSERIAL_showXXXmsg                           
00019f7a  ucSPI_bin                                    
00019f82  uiL2FRAM_get_version_num                     
00019f90  lTIME_getECLKtimeAsLong                      
00019f96  ucGID_getWholeSysGidHiByte                   
00019f9c  ucGID_getWholeSysGidLoByte                   
00019fa2  ucMAIN_GetVersion                            
00019fa8  ucSD_GetType                                 
00019fae  ucSERIAL_readColTab                          
00019fb4  uiL2SRAM_getMsgCount                         
00019fba  uiReport_RAM_QueueCount                      
00019fc0  uiTime_GetSlotCompareReg                     
00019fc6  unADF7020_GetRadioState                      
00019fcc  vFULLDIAG_deployment_diagnostic              
00019fd2  vFULLDIAG_test_buzzer                        
00019fde  vL2SRAM_storeMsgToSramIfAllowed              
0001a002  vPMM_Reset                                   
0001a008  _system_pre_init                             
0001a00c  C$$EXIT                                      
0001a00c  abort                                        
0001a018  _nop                                         
0001a01e  vDIAG_run_diagnostics                        
0001a020  vKEY_exitFuncPlaceHolder                     
0001a022  vL2FLASH_getNextMsgFromFlash                 
0001a028  vTask_Dummy                                  
0001aec6  g_ucaADF7020_ChannelFrequencyLUT             
0001caf6  uiNote_freq_tbl                              
0001cb86  vCMD_func_ptrArray                           
0001ccd4  fpaSchedFuncArray                            
0001ccfc  ucaRoleOptionDefaults                        
0001cd4a  vMODACTfunctionTbl                           
0001cdbe  ucSENSOR_DIAG_PtrArray                       
0001cdd6  vMODOPTfunctionTbl                           
0001cdee  vMODSTOREfunctionTbl                         
0001ce2c  ucCRC16_lookupHI                             
0001ce3c  ucCRC16_lookupLO                             
0001ce4c  ucRADIO_DIAG_PtrArray                        
0001ce5c  uslaSSP_BaseAddr                             
0001ce6c  uslaSSP_MaxAddr                              
0001ce7c  vKey_SetID_func_ptrArray                     
0001ce9a  ucaChangeableActions                         
0001cec0  ucaMonthDayCount                             
0001cecc  ucFRAM_DIAG_PtrArray                         
0001ced8  uiaSENSOR_testRepeatCountArray               
0001cef8  ucaBitMask                                   
0001cf00  ucSDBOARD_DIAG_PtrArray                      
0001cf08  uiNote_duration_tbl                          
0001cf10  uiaRADIO_testRepeatCountArray                
0001cf18  g_ucaADF7020_Preamble                        
0001cf26  uiaFRAM_testRepeatCountArray                 
0001cf4c  ucaSPBit                                     
0001cf50  ucaSSP_ByteWidth                             
0001cf54  ucBUZ_DIAG_PtrArray                          
0001cf58  ucFLASH_DIAG_PtrArray                        
0001cf5c  uiaSDBOARD_testRepeatCountArray              
0001cf62  uiaBUZ_testRepeatCountArray                  
0001cf64  uiaFLASH_testRepeatCountArray                
ffffffff  .text                                        
ffffffff  __binit__                                    
ffffffff  __c_args__                                   
ffffffff  __etext__                                    
ffffffff  __pinit__                                    
ffffffff  __text__                                     
ffffffff  binit                                        
ffffffff  etext                                        
ffffffff  pinit                                        

[1456 symbols]
