<?xml version="1.0"?>
<link_info>
   <banner>MSP430 Linker PC v4.4.5</banner>
   <copyright>Copyright (c) 2003-2015 Texas Instruments Incorporated</copyright>
   <link_time>0x55ddebfa</link_time>
   <link_errors>0x0</link_errors>
   <output_file>CP-Firmware.out</output_file>
   <entry_point>
      <name>_c_int00_noargs_noexit</name>
      <address>0x6562</address>
   </entry_point>
   <input_file_list>
      <input_file id="fl-2">
         <path>.\</path>
         <kind>object</kind>
         <file>MODACT.obj</file>
         <name>MODACT.obj</name>
      </input_file>
      <input_file id="fl-3">
         <path>.\</path>
         <kind>object</kind>
         <file>MODOPT.obj</file>
         <name>MODOPT.obj</name>
      </input_file>
      <input_file id="fl-4">
         <path>.\</path>
         <kind>object</kind>
         <file>MODSTORE.obj</file>
         <name>MODSTORE.obj</name>
      </input_file>
      <input_file id="fl-5">
         <path>.\</path>
         <kind>object</kind>
         <file>NUMCMD.obj</file>
         <name>NUMCMD.obj</name>
      </input_file>
      <input_file id="fl-6">
         <path>.\</path>
         <kind>object</kind>
         <file>bigsub.obj</file>
         <name>bigsub.obj</name>
      </input_file>
      <input_file id="fl-7">
         <path>.\</path>
         <kind>object</kind>
         <file>button.obj</file>
         <name>button.obj</name>
      </input_file>
      <input_file id="fl-8">
         <path>.\</path>
         <kind>object</kind>
         <file>cmd.obj</file>
         <name>cmd.obj</name>
      </input_file>
      <input_file id="fl-9">
         <path>.\</path>
         <kind>object</kind>
         <file>daytime.obj</file>
         <name>daytime.obj</name>
      </input_file>
      <input_file id="fl-a">
         <path>.\</path>
         <kind>object</kind>
         <file>delay.obj</file>
         <name>delay.obj</name>
      </input_file>
      <input_file id="fl-b">
         <path>.\</path>
         <kind>object</kind>
         <file>diag.obj</file>
         <name>diag.obj</name>
      </input_file>
      <input_file id="fl-c">
         <path>.\</path>
         <kind>object</kind>
         <file>dradio.obj</file>
         <name>dradio.obj</name>
      </input_file>
      <input_file id="fl-d">
         <path>.\</path>
         <kind>object</kind>
         <file>fulldiag.obj</file>
         <name>fulldiag.obj</name>
      </input_file>
      <input_file id="fl-e">
         <path>.\</path>
         <kind>object</kind>
         <file>gid.obj</file>
         <name>gid.obj</name>
      </input_file>
      <input_file id="fl-f">
         <path>.\</path>
         <kind>object</kind>
         <file>key.obj</file>
         <name>key.obj</name>
      </input_file>
      <input_file id="fl-10">
         <path>.\</path>
         <kind>object</kind>
         <file>main.obj</file>
         <name>main.obj</name>
      </input_file>
      <input_file id="fl-11">
         <path>.\</path>
         <kind>object</kind>
         <file>misc.obj</file>
         <name>misc.obj</name>
      </input_file>
      <input_file id="fl-12">
         <path>.\</path>
         <kind>object</kind>
         <file>opmode.obj</file>
         <name>opmode.obj</name>
      </input_file>
      <input_file id="fl-13">
         <path>.\</path>
         <kind>object</kind>
         <file>pick.obj</file>
         <name>pick.obj</name>
      </input_file>
      <input_file id="fl-14">
         <path>.\</path>
         <kind>object</kind>
         <file>rand.obj</file>
         <name>rand.obj</name>
      </input_file>
      <input_file id="fl-15">
         <path>.\</path>
         <kind>object</kind>
         <file>report.obj</file>
         <name>report.obj</name>
      </input_file>
      <input_file id="fl-16">
         <path>.\</path>
         <kind>object</kind>
         <file>rom.obj</file>
         <name>rom.obj</name>
      </input_file>
      <input_file id="fl-17">
         <path>.\</path>
         <kind>object</kind>
         <file>sensor.obj</file>
         <name>sensor.obj</name>
      </input_file>
      <input_file id="fl-18">
         <path>.\</path>
         <kind>object</kind>
         <file>serial.obj</file>
         <name>serial.obj</name>
      </input_file>
      <input_file id="fl-19">
         <path>.\</path>
         <kind>object</kind>
         <file>sysact.obj</file>
         <name>sysact.obj</name>
      </input_file>
      <input_file id="fl-1a">
         <path>.\</path>
         <kind>object</kind>
         <file>time.obj</file>
         <name>time.obj</name>
      </input_file>
      <input_file id="fl-1b">
         <path>.\mem_mod\</path>
         <kind>object</kind>
         <file>L2Sram2.obj</file>
         <name>L2Sram2.obj</name>
      </input_file>
      <input_file id="fl-1c">
         <path>.\mem_mod\</path>
         <kind>object</kind>
         <file>L2fram.obj</file>
         <name>L2fram.obj</name>
      </input_file>
      <input_file id="fl-1d">
         <path>.\mem_mod\</path>
         <kind>object</kind>
         <file>l2flash.obj</file>
         <name>l2flash.obj</name>
      </input_file>
      <input_file id="fl-1e">
         <path>.\hal\</path>
         <kind>object</kind>
         <file>MPY32.obj</file>
         <name>MPY32.obj</name>
      </input_file>
      <input_file id="fl-1f">
         <path>.\hal\</path>
         <kind>object</kind>
         <file>PMM.obj</file>
         <name>PMM.obj</name>
      </input_file>
      <input_file id="fl-20">
         <path>.\hal\</path>
         <kind>object</kind>
         <file>ad.obj</file>
         <name>ad.obj</name>
      </input_file>
      <input_file id="fl-21">
         <path>.\hal\</path>
         <kind>object</kind>
         <file>config.obj</file>
         <name>config.obj</name>
      </input_file>
      <input_file id="fl-22">
         <path>.\hal\</path>
         <kind>object</kind>
         <file>flash_mcu.obj</file>
         <name>flash_mcu.obj</name>
      </input_file>
      <input_file id="fl-23">
         <path>.\hal\</path>
         <kind>object</kind>
         <file>irupt.obj</file>
         <name>irupt.obj</name>
      </input_file>
      <input_file id="fl-24">
         <path>.\hal\</path>
         <kind>object</kind>
         <file>rtc.obj</file>
         <name>rtc.obj</name>
      </input_file>
      <input_file id="fl-25">
         <path>.\hal\</path>
         <kind>object</kind>
         <file>spi.obj</file>
         <name>spi.obj</name>
      </input_file>
      <input_file id="fl-26">
         <path>.\hal\</path>
         <kind>object</kind>
         <file>t0.obj</file>
         <name>t0.obj</name>
      </input_file>
      <input_file id="fl-27">
         <path>.\hal\</path>
         <kind>object</kind>
         <file>ucs.obj</file>
         <name>ucs.obj</name>
      </input_file>
      <input_file id="fl-28">
         <path>.\drivers\</path>
         <kind>object</kind>
         <file>SD_Card.obj</file>
         <name>SD_Card.obj</name>
      </input_file>
      <input_file id="fl-29">
         <path>.\drivers\</path>
         <kind>object</kind>
         <file>SD_Card_Testing.obj</file>
         <name>SD_Card_Testing.obj</name>
      </input_file>
      <input_file id="fl-2a">
         <path>.\drivers\</path>
         <kind>object</kind>
         <file>SP.obj</file>
         <name>SP.obj</name>
      </input_file>
      <input_file id="fl-2b">
         <path>.\drivers\</path>
         <kind>object</kind>
         <file>SP_I2C.obj</file>
         <name>SP_I2C.obj</name>
      </input_file>
      <input_file id="fl-2c">
         <path>.\drivers\</path>
         <kind>object</kind>
         <file>adf7020.obj</file>
         <name>adf7020.obj</name>
      </input_file>
      <input_file id="fl-2d">
         <path>.\drivers\</path>
         <kind>object</kind>
         <file>adf7020_freq.obj</file>
         <name>adf7020_freq.obj</name>
      </input_file>
      <input_file id="fl-2e">
         <path>.\drivers\</path>
         <kind>object</kind>
         <file>buz.obj</file>
         <name>buz.obj</name>
      </input_file>
      <input_file id="fl-2f">
         <path>.\drivers\</path>
         <kind>object</kind>
         <file>flash.obj</file>
         <name>flash.obj</name>
      </input_file>
      <input_file id="fl-30">
         <path>.\drivers\</path>
         <kind>object</kind>
         <file>fram.obj</file>
         <name>fram.obj</name>
      </input_file>
      <input_file id="fl-31">
         <path>.\drivers\</path>
         <kind>object</kind>
         <file>led.obj</file>
         <name>led.obj</name>
      </input_file>
      <input_file id="fl-32">
         <path>.\drivers\</path>
         <kind>object</kind>
         <file>sram.obj</file>
         <name>sram.obj</name>
      </input_file>
      <input_file id="fl-33">
         <path>.\comm_module\</path>
         <kind>object</kind>
         <file>LNKBLK.obj</file>
         <name>LNKBLK.obj</name>
      </input_file>
      <input_file id="fl-34">
         <path>.\comm_module\</path>
         <kind>object</kind>
         <file>comm_discovery.obj</file>
         <name>comm_discovery.obj</name>
      </input_file>
      <input_file id="fl-35">
         <path>.\comm_module\</path>
         <kind>object</kind>
         <file>comm_opmode.obj</file>
         <name>comm_opmode.obj</name>
      </input_file>
      <input_file id="fl-36">
         <path>.\comm_module\</path>
         <kind>object</kind>
         <file>comm_routing.obj</file>
         <name>comm_routing.obj</name>
      </input_file>
      <input_file id="fl-37">
         <path>.\comm_module\</path>
         <kind>object</kind>
         <file>comm_utilities.obj</file>
         <name>comm_utilities.obj</name>
      </input_file>
      <input_file id="fl-38">
         <path>.\comm_module\</path>
         <kind>object</kind>
         <file>crc.obj</file>
         <name>crc.obj</name>
      </input_file>
      <input_file id="fl-39">
         <path>.\comm_module\</path>
         <kind>object</kind>
         <file>gs.obj</file>
         <name>gs.obj</name>
      </input_file>
      <input_file id="fl-3a">
         <path>.\Tasks\</path>
         <kind>object</kind>
         <file>rts.obj</file>
         <name>rts.obj</name>
      </input_file>
      <input_file id="fl-3b">
         <path>.\Tasks\</path>
         <kind>object</kind>
         <file>task_dispatch.obj</file>
         <name>task_dispatch.obj</name>
      </input_file>
      <input_file id="fl-3c">
         <path>.\Tasks\</path>
         <kind>object</kind>
         <file>task_manager.obj</file>
         <name>task_manager.obj</name>
      </input_file>
      <input_file id="fl-6c">
         <path>C:\ti\ccsv6\tools\compiler\ti-cgt-msp430_4.4.5\lib\</path>
         <kind>archive</kind>
         <file>rts430xl.lib</file>
         <name>asr16.obj</name>
      </input_file>
      <input_file id="fl-6d">
         <path>C:\ti\ccsv6\tools\compiler\ti-cgt-msp430_4.4.5\lib\</path>
         <kind>archive</kind>
         <file>rts430xl.lib</file>
         <name>boot.obj</name>
      </input_file>
      <input_file id="fl-6e">
         <path>C:\ti\ccsv6\tools\compiler\ti-cgt-msp430_4.4.5\lib\</path>
         <kind>archive</kind>
         <file>rts430xl.lib</file>
         <name>boot_special.obj</name>
      </input_file>
      <input_file id="fl-6f">
         <path>C:\ti\ccsv6\tools\compiler\ti-cgt-msp430_4.4.5\lib\</path>
         <kind>archive</kind>
         <file>rts430xl.lib</file>
         <name>copy_decompress_none.obj</name>
      </input_file>
      <input_file id="fl-70">
         <path>C:\ti\ccsv6\tools\compiler\ti-cgt-msp430_4.4.5\lib\</path>
         <kind>archive</kind>
         <file>rts430xl.lib</file>
         <name>copy_decompress_rle.obj</name>
      </input_file>
      <input_file id="fl-71">
         <path>C:\ti\ccsv6\tools\compiler\ti-cgt-msp430_4.4.5\lib\</path>
         <kind>archive</kind>
         <file>rts430xl.lib</file>
         <name>copy_zero_init.obj</name>
      </input_file>
      <input_file id="fl-72">
         <path>C:\ti\ccsv6\tools\compiler\ti-cgt-msp430_4.4.5\lib\</path>
         <kind>archive</kind>
         <file>rts430xl.lib</file>
         <name>div16s.obj</name>
      </input_file>
      <input_file id="fl-73">
         <path>C:\ti\ccsv6\tools\compiler\ti-cgt-msp430_4.4.5\lib\</path>
         <kind>archive</kind>
         <file>rts430xl.lib</file>
         <name>div16u.obj</name>
      </input_file>
      <input_file id="fl-74">
         <path>C:\ti\ccsv6\tools\compiler\ti-cgt-msp430_4.4.5\lib\</path>
         <kind>archive</kind>
         <file>rts430xl.lib</file>
         <name>div32s.obj</name>
      </input_file>
      <input_file id="fl-75">
         <path>C:\ti\ccsv6\tools\compiler\ti-cgt-msp430_4.4.5\lib\</path>
         <kind>archive</kind>
         <file>rts430xl.lib</file>
         <name>div32u.obj</name>
      </input_file>
      <input_file id="fl-76">
         <path>C:\ti\ccsv6\tools\compiler\ti-cgt-msp430_4.4.5\lib\</path>
         <kind>archive</kind>
         <file>rts430xl.lib</file>
         <name>exit.obj</name>
      </input_file>
      <input_file id="fl-77">
         <path>C:\ti\ccsv6\tools\compiler\ti-cgt-msp430_4.4.5\lib\</path>
         <kind>archive</kind>
         <file>rts430xl.lib</file>
         <name>exit_gvars.obj</name>
      </input_file>
      <input_file id="fl-78">
         <path>C:\ti\ccsv6\tools\compiler\ti-cgt-msp430_4.4.5\lib\</path>
         <kind>archive</kind>
         <file>rts430xl.lib</file>
         <name>fscanf.obj</name>
      </input_file>
      <input_file id="fl-79">
         <path>C:\ti\ccsv6\tools\compiler\ti-cgt-msp430_4.4.5\lib\</path>
         <kind>archive</kind>
         <file>rts430xl.lib</file>
         <name>isspace.obj</name>
      </input_file>
      <input_file id="fl-7a">
         <path>C:\ti\ccsv6\tools\compiler\ti-cgt-msp430_4.4.5\lib\</path>
         <kind>archive</kind>
         <file>rts430xl.lib</file>
         <name>lsl32.obj</name>
      </input_file>
      <input_file id="fl-7b">
         <path>C:\ti\ccsv6\tools\compiler\ti-cgt-msp430_4.4.5\lib\</path>
         <kind>archive</kind>
         <file>rts430xl.lib</file>
         <name>lsr32.obj</name>
      </input_file>
      <input_file id="fl-7c">
         <path>C:\ti\ccsv6\tools\compiler\ti-cgt-msp430_4.4.5\lib\</path>
         <kind>archive</kind>
         <file>rts430xl.lib</file>
         <name>memcpy.obj</name>
      </input_file>
      <input_file id="fl-7d">
         <path>C:\ti\ccsv6\tools\compiler\ti-cgt-msp430_4.4.5\lib\</path>
         <kind>archive</kind>
         <file>rts430xl.lib</file>
         <name>memset.obj</name>
      </input_file>
      <input_file id="fl-7e">
         <path>C:\ti\ccsv6\tools\compiler\ti-cgt-msp430_4.4.5\lib\</path>
         <kind>archive</kind>
         <file>rts430xl.lib</file>
         <name>mpu_init.obj</name>
      </input_file>
      <input_file id="fl-7f">
         <path>C:\ti\ccsv6\tools\compiler\ti-cgt-msp430_4.4.5\lib\</path>
         <kind>archive</kind>
         <file>rts430xl.lib</file>
         <name>mult16.obj</name>
      </input_file>
      <input_file id="fl-80">
         <path>C:\ti\ccsv6\tools\compiler\ti-cgt-msp430_4.4.5\lib\</path>
         <kind>archive</kind>
         <file>rts430xl.lib</file>
         <name>mult1632_f5hw.obj</name>
      </input_file>
      <input_file id="fl-81">
         <path>C:\ti\ccsv6\tools\compiler\ti-cgt-msp430_4.4.5\lib\</path>
         <kind>archive</kind>
         <file>rts430xl.lib</file>
         <name>mult16_f5hw.obj</name>
      </input_file>
      <input_file id="fl-82">
         <path>C:\ti\ccsv6\tools\compiler\ti-cgt-msp430_4.4.5\lib\</path>
         <kind>archive</kind>
         <file>rts430xl.lib</file>
         <name>mult32.obj</name>
      </input_file>
      <input_file id="fl-83">
         <path>C:\ti\ccsv6\tools\compiler\ti-cgt-msp430_4.4.5\lib\</path>
         <kind>archive</kind>
         <file>rts430xl.lib</file>
         <name>mult3264_f5hw.obj</name>
      </input_file>
      <input_file id="fl-84">
         <path>C:\ti\ccsv6\tools\compiler\ti-cgt-msp430_4.4.5\lib\</path>
         <kind>archive</kind>
         <file>rts430xl.lib</file>
         <name>mult32_f5hw.obj</name>
      </input_file>
      <input_file id="fl-85">
         <path>C:\ti\ccsv6\tools\compiler\ti-cgt-msp430_4.4.5\lib\</path>
         <kind>archive</kind>
         <file>rts430xl.lib</file>
         <name>mult64_f5hw.obj</name>
      </input_file>
      <input_file id="fl-86">
         <path>C:\ti\ccsv6\tools\compiler\ti-cgt-msp430_4.4.5\lib\</path>
         <kind>archive</kind>
         <file>rts430xl.lib</file>
         <name>pre_init.obj</name>
      </input_file>
      <input_file id="fl-87">
         <path>C:\ti\ccsv6\tools\compiler\ti-cgt-msp430_4.4.5\lib\</path>
         <kind>archive</kind>
         <file>rts430xl.lib</file>
         <name>ungetc.obj</name>
      </input_file>
      <input_file id="fl-88">
         <path>C:\ti\ccsv6\tools\compiler\ti-cgt-msp430_4.4.5\lib\</path>
         <kind>archive</kind>
         <file>rts430xl.lib</file>
         <name>_lock.obj</name>
      </input_file>
      <input_file id="fl-89">
         <path>C:\ti\ccsv6\tools\compiler\ti-cgt-msp430_4.4.5\lib\</path>
         <kind>archive</kind>
         <file>rts430xl.lib</file>
         <name>_scanfi.obj</name>
      </input_file>
      <input_file id="fl-8a">
         <path>C:\ti\ccsv6\tools\compiler\ti-cgt-msp430_4.4.5\lib\</path>
         <kind>archive</kind>
         <file>rts430xl.lib</file>
         <name>args_main.obj</name>
      </input_file>
      <input_file id="fl-8b">
         <path>C:\ti\ccsv6\tools\compiler\ti-cgt-msp430_4.4.5\lib\</path>
         <kind>archive</kind>
         <file>rts430xl.lib</file>
         <name>atoi.obj</name>
      </input_file>
      <input_file id="fl-8c">
         <path>C:\ti\ccsv6\tools\compiler\ti-cgt-msp430_4.4.5\lib\</path>
         <kind>archive</kind>
         <file>rts430xl.lib</file>
         <name>autoinit.obj</name>
      </input_file>
      <input_file id="fl-8d">
         <path>C:\ti\ccsv6\tools\compiler\ti-cgt-msp430_4.4.5\lib\</path>
         <kind>archive</kind>
         <file>rts430xl.lib</file>
         <name>ctype.obj</name>
      </input_file>
      <input_file id="fl-8e">
         <path>C:\ti\ccsv6\tools\compiler\ti-cgt-msp430_4.4.5\lib\</path>
         <kind>archive</kind>
         <file>rts430xl.lib</file>
         <name>defs.obj</name>
      </input_file>
      <input_file id="fl-8f">
         <path>C:\ti\ccsv6\tools\compiler\ti-cgt-msp430_4.4.5\lib\</path>
         <kind>archive</kind>
         <file>rts430xl.lib</file>
         <name>fgetc.obj</name>
      </input_file>
      <input_file id="fl-90">
         <path>C:\ti\ccsv6\tools\compiler\ti-cgt-msp430_4.4.5\lib\</path>
         <kind>archive</kind>
         <file>rts430xl.lib</file>
         <name>isxdigit.obj</name>
      </input_file>
      <input_file id="fl-91">
         <path>C:\ti\ccsv6\tools\compiler\ti-cgt-msp430_4.4.5\lib\</path>
         <kind>archive</kind>
         <file>rts430xl.lib</file>
         <name>lowlev.obj</name>
      </input_file>
      <input_file id="fl-92">
         <path>C:\ti\ccsv6\tools\compiler\ti-cgt-msp430_4.4.5\lib\</path>
         <kind>archive</kind>
         <file>rts430xl.lib</file>
         <name>setvbuf.obj</name>
      </input_file>
      <input_file id="fl-93">
         <path>C:\ti\ccsv6\tools\compiler\ti-cgt-msp430_4.4.5\lib\</path>
         <kind>archive</kind>
         <file>rts430xl.lib</file>
         <name>strchr.obj</name>
      </input_file>
      <input_file id="fl-94">
         <path>C:\ti\ccsv6\tools\compiler\ti-cgt-msp430_4.4.5\lib\</path>
         <kind>archive</kind>
         <file>rts430xl.lib</file>
         <name>strcmp.obj</name>
      </input_file>
      <input_file id="fl-95">
         <path>C:\ti\ccsv6\tools\compiler\ti-cgt-msp430_4.4.5\lib\</path>
         <kind>archive</kind>
         <file>rts430xl.lib</file>
         <name>strcpy.obj</name>
      </input_file>
      <input_file id="fl-96">
         <path>C:\ti\ccsv6\tools\compiler\ti-cgt-msp430_4.4.5\lib\</path>
         <kind>archive</kind>
         <file>rts430xl.lib</file>
         <name>strlen.obj</name>
      </input_file>
      <input_file id="fl-97">
         <path>C:\ti\ccsv6\tools\compiler\ti-cgt-msp430_4.4.5\lib\</path>
         <kind>archive</kind>
         <file>rts430xl.lib</file>
         <name>strncpy.obj</name>
      </input_file>
      <input_file id="fl-98">
         <path>C:\ti\ccsv6\tools\compiler\ti-cgt-msp430_4.4.5\lib\</path>
         <kind>archive</kind>
         <file>rts430xl.lib</file>
         <name>strrchr.obj</name>
      </input_file>
      <input_file id="fl-99">
         <path>C:\ti\ccsv6\tools\compiler\ti-cgt-msp430_4.4.5\lib\</path>
         <kind>archive</kind>
         <file>rts430xl.lib</file>
         <name>strtod.obj</name>
      </input_file>
      <input_file id="fl-9a">
         <path>C:\ti\ccsv6\tools\compiler\ti-cgt-msp430_4.4.5\lib\</path>
         <kind>archive</kind>
         <file>rts430xl.lib</file>
         <name>strtol.obj</name>
      </input_file>
      <input_file id="fl-9b">
         <path>C:\ti\ccsv6\tools\compiler\ti-cgt-msp430_4.4.5\lib\</path>
         <kind>archive</kind>
         <file>rts430xl.lib</file>
         <name>strtold.obj</name>
      </input_file>
      <input_file id="fl-9c">
         <path>C:\ti\ccsv6\tools\compiler\ti-cgt-msp430_4.4.5\lib\</path>
         <kind>archive</kind>
         <file>rts430xl.lib</file>
         <name>strtoll.obj</name>
      </input_file>
      <input_file id="fl-9d">
         <path>C:\ti\ccsv6\tools\compiler\ti-cgt-msp430_4.4.5\lib\</path>
         <kind>archive</kind>
         <file>rts430xl.lib</file>
         <name>strtoul.obj</name>
      </input_file>
      <input_file id="fl-9e">
         <path>C:\ti\ccsv6\tools\compiler\ti-cgt-msp430_4.4.5\lib\</path>
         <kind>archive</kind>
         <file>rts430xl.lib</file>
         <name>strtoull.obj</name>
      </input_file>
      <input_file id="fl-9f">
         <path>C:\ti\ccsv6\tools\compiler\ti-cgt-msp430_4.4.5\lib\</path>
         <kind>archive</kind>
         <file>rts430xl.lib</file>
         <name>trgdrv.obj</name>
      </input_file>
      <input_file id="fl-a0">
         <path>C:\ti\ccsv6\tools\compiler\ti-cgt-msp430_4.4.5\lib\</path>
         <kind>archive</kind>
         <file>rts430xl.lib</file>
         <name>trgmsg.obj</name>
      </input_file>
      <input_file id="fl-a1">
         <path>C:\ti\ccsv6\tools\compiler\ti-cgt-msp430_4.4.5\lib\</path>
         <kind>archive</kind>
         <file>rts430xl.lib</file>
         <name>_bufread.obj</name>
      </input_file>
      <input_file id="fl-a2">
         <path>C:\ti\ccsv6\tools\compiler\ti-cgt-msp430_4.4.5\lib\</path>
         <kind>archive</kind>
         <file>rts430xl.lib</file>
         <name>_io_perm.obj</name>
      </input_file>
      <input_file id="fl-a3">
         <path>C:\ti\ccsv6\tools\compiler\ti-cgt-msp430_4.4.5\lib\</path>
         <kind>archive</kind>
         <file>rts430xl.lib</file>
         <name>abs.obj</name>
      </input_file>
      <input_file id="fl-a4">
         <path>C:\ti\ccsv6\tools\compiler\ti-cgt-msp430_4.4.5\lib\</path>
         <kind>archive</kind>
         <file>rts430xl.lib</file>
         <name>div64u.obj</name>
      </input_file>
      <input_file id="fl-a5">
         <path>C:\ti\ccsv6\tools\compiler\ti-cgt-msp430_4.4.5\lib\</path>
         <kind>archive</kind>
         <file>rts430xl.lib</file>
         <name>errno.obj</name>
      </input_file>
      <input_file id="fl-a6">
         <path>C:\ti\ccsv6\tools\compiler\ti-cgt-msp430_4.4.5\lib\</path>
         <kind>archive</kind>
         <file>rts430xl.lib</file>
         <name>fflush.obj</name>
      </input_file>
      <input_file id="fl-a7">
         <path>C:\ti\ccsv6\tools\compiler\ti-cgt-msp430_4.4.5\lib\</path>
         <kind>archive</kind>
         <file>rts430xl.lib</file>
         <name>fopen.obj</name>
      </input_file>
      <input_file id="fl-a8">
         <path>C:\ti\ccsv6\tools\compiler\ti-cgt-msp430_4.4.5\lib\</path>
         <kind>archive</kind>
         <file>rts430xl.lib</file>
         <name>fs_add.obj</name>
      </input_file>
      <input_file id="fl-a9">
         <path>C:\ti\ccsv6\tools\compiler\ti-cgt-msp430_4.4.5\lib\</path>
         <kind>archive</kind>
         <file>rts430xl.lib</file>
         <name>fs_cmp.obj</name>
      </input_file>
      <input_file id="fl-aa">
         <path>C:\ti\ccsv6\tools\compiler\ti-cgt-msp430_4.4.5\lib\</path>
         <kind>archive</kind>
         <file>rts430xl.lib</file>
         <name>fs_div.obj</name>
      </input_file>
      <input_file id="fl-ab">
         <path>C:\ti\ccsv6\tools\compiler\ti-cgt-msp430_4.4.5\lib\</path>
         <kind>archive</kind>
         <file>rts430xl.lib</file>
         <name>fs_mpy.obj</name>
      </input_file>
      <input_file id="fl-ac">
         <path>C:\ti\ccsv6\tools\compiler\ti-cgt-msp430_4.4.5\lib\</path>
         <kind>archive</kind>
         <file>rts430xl.lib</file>
         <name>fs_neg.obj</name>
      </input_file>
      <input_file id="fl-ad">
         <path>C:\ti\ccsv6\tools\compiler\ti-cgt-msp430_4.4.5\lib\</path>
         <kind>archive</kind>
         <file>rts430xl.lib</file>
         <name>fseek.obj</name>
      </input_file>
      <input_file id="fl-ae">
         <path>C:\ti\ccsv6\tools\compiler\ti-cgt-msp430_4.4.5\lib\</path>
         <kind>archive</kind>
         <file>rts430xl.lib</file>
         <name>lsl64.obj</name>
      </input_file>
      <input_file id="fl-af">
         <path>C:\ti\ccsv6\tools\compiler\ti-cgt-msp430_4.4.5\lib\</path>
         <kind>archive</kind>
         <file>rts430xl.lib</file>
         <name>lsr64.obj</name>
      </input_file>
      <input_file id="fl-b0">
         <path>C:\ti\ccsv6\tools\compiler\ti-cgt-msp430_4.4.5\lib\</path>
         <kind>archive</kind>
         <file>rts430xl.lib</file>
         <name>memory.obj</name>
      </input_file>
      <input_file id="fl-b1">
         <path>C:\ti\ccsv6\tools\compiler\ti-cgt-msp430_4.4.5\lib\</path>
         <kind>archive</kind>
         <file>rts430xl.lib</file>
         <name>mult64.obj</name>
      </input_file>
      <input_file id="fl-b2">
         <path>C:\ti\ccsv6\tools\compiler\ti-cgt-msp430_4.4.5\lib\</path>
         <kind>archive</kind>
         <file>rts430xl.lib</file>
         <name>rem64u.obj</name>
      </input_file>
      <input_file id="fl-b3">
         <path>C:\ti\ccsv6\tools\compiler\ti-cgt-msp430_4.4.5\lib\</path>
         <kind>archive</kind>
         <file>rts430xl.lib</file>
         <name>fclose.obj</name>
      </input_file>
      <input_file id="fl-b4">
         <path>C:\ti\ccsv6\tools\compiler\ti-cgt-msp430_4.4.5\lib\</path>
         <kind>archive</kind>
         <file>rts430xl.lib</file>
         <name>mult1632.obj</name>
      </input_file>
      <input_file id="fl-b5">
         <path>C:\ti\ccsv6\tools\compiler\ti-cgt-msp430_4.4.5\lib\</path>
         <kind>archive</kind>
         <file>rts430xl.lib</file>
         <name>remove.obj</name>
      </input_file>
   </input_file_list>
   <object_component_list>
      <object_component id="oc-8d">
         <name>.bss</name>
         <uninitialized>true</uninitialized>
         <run_address>0x3f64</run_address>
         <size>0x58</size>
         <input_file_ref idref="fl-2"/>
      </object_component>
      <object_component id="oc-95">
         <name>.bss</name>
         <uninitialized>true</uninitialized>
         <run_address>0x3c28</run_address>
         <size>0xd8</size>
         <input_file_ref idref="fl-3"/>
      </object_component>
      <object_component id="oc-9d">
         <name>.bss</name>
         <uninitialized>true</uninitialized>
         <run_address>0x40aa</run_address>
         <size>0x18</size>
         <input_file_ref idref="fl-4"/>
      </object_component>
      <object_component id="oc-bb">
         <name>.bss</name>
         <uninitialized>true</uninitialized>
         <run_address>0x404e</run_address>
         <size>0x30</size>
         <input_file_ref idref="fl-9"/>
      </object_component>
      <object_component id="oc-cf">
         <name>.bss</name>
         <uninitialized>true</uninitialized>
         <run_address>0x3db8</run_address>
         <size>0xaa</size>
         <input_file_ref idref="fl-d"/>
      </object_component>
      <object_component id="oc-dd">
         <name>.bss</name>
         <uninitialized>true</uninitialized>
         <run_address>0x3fbc</run_address>
         <size>0x50</size>
         <input_file_ref idref="fl-f"/>
      </object_component>
      <object_component id="oc-e5">
         <name>.bss</name>
         <uninitialized>true</uninitialized>
         <run_address>0x2c34</run_address>
         <size>0x346</size>
         <input_file_ref idref="fl-10"/>
      </object_component>
      <object_component id="oc-ff">
         <name>.bss</name>
         <uninitialized>true</uninitialized>
         <run_address>0x3b22</run_address>
         <size>0x106</size>
         <input_file_ref idref="fl-15"/>
      </object_component>
      <object_component id="oc-10c">
         <name>.bss</name>
         <uninitialized>true</uninitialized>
         <run_address>0x39ee</run_address>
         <size>0x134</size>
         <input_file_ref idref="fl-17"/>
      </object_component>
      <object_component id="oc-114">
         <name>.bss</name>
         <uninitialized>true</uninitialized>
         <run_address>0x3e62</run_address>
         <size>0x83</size>
         <input_file_ref idref="fl-18"/>
      </object_component>
      <object_component id="oc-121">
         <name>.bss</name>
         <uninitialized>true</uninitialized>
         <run_address>0x3ee5</run_address>
         <size>0x1</size>
         <input_file_ref idref="fl-1a"/>
      </object_component>
      <object_component id="oc-128">
         <name>.bss</name>
         <uninitialized>true</uninitialized>
         <run_address>0x40e0</run_address>
         <size>0x6</size>
         <input_file_ref idref="fl-1b"/>
      </object_component>
      <object_component id="oc-16e">
         <name>.bss</name>
         <uninitialized>true</uninitialized>
         <run_address>0x407e</run_address>
         <size>0x2c</size>
         <input_file_ref idref="fl-28"/>
      </object_component>
      <object_component id="oc-175">
         <name>.bss</name>
         <uninitialized>true</uninitialized>
         <run_address>0x3684</run_address>
         <size>0x200</size>
         <input_file_ref idref="fl-29"/>
      </object_component>
      <object_component id="oc-17e">
         <name>.bss</name>
         <uninitialized>true</uninitialized>
         <run_address>0x28a6</run_address>
         <size>0x38e</size>
         <input_file_ref idref="fl-2b"/>
      </object_component>
      <object_component id="oc-186">
         <name>.bss</name>
         <uninitialized>true</uninitialized>
         <run_address>0x400c</run_address>
         <size>0x42</size>
         <input_file_ref idref="fl-2c"/>
      </object_component>
      <object_component id="oc-1ab">
         <name>.bss</name>
         <uninitialized>true</uninitialized>
         <run_address>0x3444</run_address>
         <size>0x240</size>
         <input_file_ref idref="fl-33"/>
      </object_component>
      <object_component id="oc-1b2">
         <name>.bss</name>
         <uninitialized>true</uninitialized>
         <run_address>0x40d8</run_address>
         <size>0x7</size>
         <input_file_ref idref="fl-34"/>
      </object_component>
      <object_component id="oc-1b9">
         <name>.bss</name>
         <uninitialized>true</uninitialized>
         <run_address>0x40ee</run_address>
         <size>0x4</size>
         <input_file_ref idref="fl-35"/>
      </object_component>
      <object_component id="oc-1c1">
         <name>.bss</name>
         <uninitialized>true</uninitialized>
         <run_address>0x2f7a</run_address>
         <size>0x26a</size>
         <input_file_ref idref="fl-36"/>
      </object_component>
      <object_component id="oc-1c8">
         <name>.bss</name>
         <uninitialized>true</uninitialized>
         <run_address>0x3ee6</run_address>
         <size>0x7e</size>
         <input_file_ref idref="fl-37"/>
      </object_component>
      <object_component id="oc-1d6">
         <name>.bss</name>
         <uninitialized>true</uninitialized>
         <run_address>0x40f2</run_address>
         <size>0x4</size>
         <input_file_ref idref="fl-39"/>
      </object_component>
      <object_component id="oc-1dd">
         <name>.bss</name>
         <uninitialized>true</uninitialized>
         <run_address>0x31e4</run_address>
         <size>0x260</size>
         <input_file_ref idref="fl-3a"/>
      </object_component>
      <object_component id="oc-1e4">
         <name>.bss</name>
         <uninitialized>true</uninitialized>
         <run_address>0x40f6</run_address>
         <size>0x4</size>
         <input_file_ref idref="fl-3b"/>
      </object_component>
      <object_component id="oc-1ec">
         <name>.bss</name>
         <uninitialized>true</uninitialized>
         <run_address>0x1c00</run_address>
         <size>0xca6</size>
         <input_file_ref idref="fl-3c"/>
      </object_component>
      <object_component id="oc-391">
         <name>.bss:_lock</name>
         <uninitialized>true</uninitialized>
         <run_address>0x40e6</run_address>
         <size>0x4</size>
         <input_file_ref idref="fl-88"/>
      </object_component>
      <object_component id="oc-397">
         <name>.bss:_unlock</name>
         <uninitialized>true</uninitialized>
         <run_address>0x40ea</run_address>
         <size>0x4</size>
         <input_file_ref idref="fl-88"/>
      </object_component>
      <object_component id="oc-291">
         <name>.bss</name>
         <uninitialized>true</uninitialized>
         <run_address>0x3884</run_address>
         <size>0x16a</size>
         <input_file_ref idref="fl-8e"/>
      </object_component>
      <object_component id="oc-29f">
         <name>.bss</name>
         <uninitialized>true</uninitialized>
         <run_address>0x3d00</run_address>
         <size>0xb8</size>
         <input_file_ref idref="fl-91"/>
      </object_component>
      <object_component id="oc-2e7">
         <name>.bss</name>
         <uninitialized>true</uninitialized>
         <run_address>0x40d0</run_address>
         <size>0x8</size>
         <input_file_ref idref="fl-9f"/>
      </object_component>
      <object_component id="oc-307">
         <name>.bss</name>
         <uninitialized>true</uninitialized>
         <run_address>0x40fa</run_address>
         <size>0x2</size>
         <input_file_ref idref="fl-a5"/>
      </object_component>
      <object_component id="oc-310">
         <name>.bss</name>
         <uninitialized>true</uninitialized>
         <run_address>0x40fc</run_address>
         <size>0x2</size>
         <input_file_ref idref="fl-a7"/>
      </object_component>
      <object_component id="oc-33f">
         <name>.bss</name>
         <uninitialized>true</uninitialized>
         <run_address>0x40c2</run_address>
         <size>0xe</size>
         <input_file_ref idref="fl-b0"/>
      </object_component>
      <object_component id="oc-342">
         <name>.sysmem</name>
         <uninitialized>true</uninitialized>
         <run_address>0x4220</run_address>
         <size>0x8</size>
         <input_file_ref idref="fl-b0"/>
      </object_component>
      <object_component id="oc-659">
         <name>.sysmem</name>
         <uninitialized>true</uninitialized>
         <run_address>0x4220</run_address>
         <size>0x0</size>
      </object_component>
      <object_component id="oc-1fa">
         <name>.stack</name>
         <uninitialized>true</uninitialized>
         <run_address>0x5b60</run_address>
         <size>0x4</size>
         <input_file_ref idref="fl-6d"/>
      </object_component>
      <object_component id="oc-658">
         <name>.stack</name>
         <uninitialized>true</uninitialized>
         <run_address>0x5b60</run_address>
         <size>0x0</size>
      </object_component>
      <object_component id="oc-3d8">
         <name>.text:vFULLDIAG_diagnostic_asynchronous_operations</name>
         <load_address>0x65c2</load_address>
         <run_address>0x65c2</run_address>
         <size>0xe68</size>
         <input_file_ref idref="fl-d"/>
      </object_component>
      <object_component id="oc-504">
         <name>.text:vRTS_schedule_OM_slot</name>
         <load_address>0x742a</load_address>
         <run_address>0x742a</run_address>
         <size>0x7f6</size>
         <input_file_ref idref="fl-3a"/>
      </object_component>
      <object_component id="oc-43d">
         <name>.text:ucTask_SetField</name>
         <load_address>0x7c20</load_address>
         <run_address>0x7c20</run_address>
         <size>0x7aa</size>
         <input_file_ref idref="fl-3c"/>
      </object_component>
      <object_component id="oc-3b9">
         <name>.text:ucTask_Init</name>
         <load_address>0x83ca</load_address>
         <run_address>0x83ca</run_address>
         <size>0x66c</size>
         <input_file_ref idref="fl-3c"/>
      </object_component>
      <object_component id="oc-447">
         <name>.text:ucTask_GetField</name>
         <load_address>0x8a36</load_address>
         <run_address>0x8a36</run_address>
         <size>0x4f0</size>
         <input_file_ref idref="fl-3c"/>
      </object_component>
      <object_component id="oc-37b">
         <name>.text:main</name>
         <load_address>0x8f26</load_address>
         <run_address>0x8f26</run_address>
         <size>0x458</size>
         <input_file_ref idref="fl-10"/>
      </object_component>
      <object_component id="oc-56e">
         <name>.text:ucTask_CreateCombinedTask</name>
         <load_address>0x937e</load_address>
         <run_address>0x937e</run_address>
         <size>0x3de</size>
         <input_file_ref idref="fl-3c"/>
      </object_component>
      <object_component id="oc-566">
         <name>.text:uiRTS_findNearestNSTslot</name>
         <load_address>0x975c</load_address>
         <run_address>0x975c</run_address>
         <size>0x332</size>
         <input_file_ref idref="fl-3a"/>
      </object_component>
      <object_component id="oc-505">
         <name>.text:vRTS_schedule_interval_slot</name>
         <load_address>0x9a8e</load_address>
         <run_address>0x9a8e</run_address>
         <size>0x330</size>
         <input_file_ref idref="fl-3a"/>
      </object_component>
      <object_component id="oc-4e4">
         <name>.text:ucTask_FetchSingleSPTasks</name>
         <load_address>0x9dbe</load_address>
         <run_address>0x9dbe</run_address>
         <size>0x2fe</size>
         <input_file_ref idref="fl-3c"/>
      </object_component>
      <object_component id="oc-3da">
         <name>.text:vMAIN_computeDispatchTiming</name>
         <load_address>0xa0bc</load_address>
         <run_address>0xa0bc</run_address>
         <size>0x2f4</size>
         <input_file_ref idref="fl-10"/>
      </object_component>
      <object_component id="oc-443">
         <name>.text:vGS_ReportToGardenServer</name>
         <load_address>0xa3b0</load_address>
         <run_address>0xa3b0</run_address>
         <size>0x2de</size>
         <input_file_ref idref="fl-39"/>
      </object_component>
      <object_component id="oc-3db">
         <name>.text:vTask_Dispatch</name>
         <load_address>0xa68e</load_address>
         <run_address>0xa68e</run_address>
         <size>0x2da</size>
         <input_file_ref idref="fl-3b"/>
      </object_component>
      <object_component id="oc-434">
         <name>.text:ucTask_CreateTask</name>
         <load_address>0xa968</load_address>
         <run_address>0xa968</run_address>
         <size>0x2a2</size>
         <input_file_ref idref="fl-3c"/>
      </object_component>
      <object_component id="oc-4e3">
         <name>.text:cComm_WaitFor_RequesttoJoin</name>
         <load_address>0xac0a</load_address>
         <run_address>0xac0a</run_address>
         <size>0x222</size>
         <input_file_ref idref="fl-34"/>
      </object_component>
      <object_component id="oc-4c8">
         <name>.text:vDAYTIME_convertSecsToDstructAndTstruct</name>
         <load_address>0xae2c</load_address>
         <run_address>0xae2c</run_address>
         <size>0x21a</size>
         <input_file_ref idref="fl-9"/>
      </object_component>
      <object_component id="oc-5a0">
         <name>.text:ucComm_WaitFor_RTR</name>
         <load_address>0xb046</load_address>
         <run_address>0xb046</run_address>
         <size>0x218</size>
         <input_file_ref idref="fl-35"/>
      </object_component>
      <object_component id="oc-3dc">
         <name>.text:ucFULLDIAG_FRAM_1</name>
         <load_address>0xb25e</load_address>
         <run_address>0xb25e</run_address>
         <size>0x214</size>
         <input_file_ref idref="fl-d"/>
      </object_component>
      <object_component id="oc-5be">
         <name>.text:vKEY_Set_HID</name>
         <load_address>0xb472</load_address>
         <run_address>0xb472</run_address>
         <size>0x210</size>
         <input_file_ref idref="fl-f"/>
      </object_component>
      <object_component id="oc-596">
         <name>.text:ucComm_WaitFor_LRQ</name>
         <load_address>0xb682</load_address>
         <run_address>0xb682</run_address>
         <size>0x204</size>
         <input_file_ref idref="fl-35"/>
      </object_component>
      <object_component id="oc-556">
         <name>.text:vTask_SP_StartSlot</name>
         <load_address>0xb886</load_address>
         <run_address>0xb886</run_address>
         <size>0x1fa</size>
         <input_file_ref idref="fl-3b"/>
      </object_component>
      <object_component id="oc-579">
         <name>.text:cDAYTIME_convertDstrToDstruct</name>
         <load_address>0xba80</load_address>
         <run_address>0xba80</run_address>
         <size>0x1f8</size>
         <input_file_ref idref="fl-9"/>
      </object_component>
      <object_component id="oc-493">
         <name>.text:ucTask_DestroyTask</name>
         <load_address>0xbc78</load_address>
         <run_address>0xbc78</run_address>
         <size>0x1e4</size>
         <input_file_ref idref="fl-3c"/>
      </object_component>
      <object_component id="oc-4e8">
         <name>.text:ucGS_WaitForRTR</name>
         <load_address>0xbe5c</load_address>
         <run_address>0xbe5c</run_address>
         <size>0x1da</size>
         <input_file_ref idref="fl-39"/>
      </object_component>
      <object_component id="oc-4f8">
         <name>.text:unADF7020_SetRadioState</name>
         <load_address>0xc036</load_address>
         <run_address>0xc036</run_address>
         <size>0x1d6</size>
         <input_file_ref idref="fl-2c"/>
      </object_component>
      <object_component id="oc-41e">
         <name>.text:ucSP_Start</name>
         <load_address>0xc20c</load_address>
         <run_address>0xc20c</run_address>
         <size>0x1c8</size>
         <input_file_ref idref="fl-2b"/>
      </object_component>
      <object_component id="oc-57c">
         <name>.text:vKEY_doUploadToPC</name>
         <load_address>0xc3d4</load_address>
         <run_address>0xc3d4</run_address>
         <size>0x1c0</size>
         <input_file_ref idref="fl-f"/>
      </object_component>
      <object_component id="oc-43c">
         <name>.text:vComm_Request_to_Join</name>
         <load_address>0xc594</load_address>
         <run_address>0xc594</run_address>
         <size>0x1ba</size>
         <input_file_ref idref="fl-34"/>
      </object_component>
      <object_component id="oc-5a4">
         <name>.text:ucComm_ParseMsg</name>
         <load_address>0xc74e</load_address>
         <run_address>0xc74e</run_address>
         <size>0x1a6</size>
         <input_file_ref idref="fl-35"/>
      </object_component>
      <object_component id="oc-40e">
         <name>.text:ucComm_chkMsgIntegrity</name>
         <load_address>0xc8f4</load_address>
         <run_address>0xc8f4</run_address>
         <size>0x19a</size>
         <input_file_ref idref="fl-37"/>
      </object_component>
      <object_component id="oc-485">
         <name>.text:SD_Testing_Basic</name>
         <load_address>0xca8e</load_address>
         <run_address>0xca8e</run_address>
         <size>0x194</size>
         <input_file_ref idref="fl-29"/>
      </object_component>
      <object_component id="oc-4ec">
         <name>.text:ucL2SRAM_PutCMD_inQueue</name>
         <load_address>0xcc22</load_address>
         <run_address>0xcc22</run_address>
         <size>0x194</size>
         <input_file_ref idref="fl-1b"/>
      </object_component>
      <object_component id="oc-5dc">
         <name>.text:vRoute_GetUpdates</name>
         <load_address>0xcdb6</load_address>
         <run_address>0xcdb6</run_address>
         <size>0x194</size>
         <input_file_ref idref="fl-36"/>
      </object_component>
      <object_component id="oc-3cd">
         <name>.text:unADF7020_Initialize</name>
         <load_address>0xcf4a</load_address>
         <run_address>0xcf4a</run_address>
         <size>0x182</size>
         <input_file_ref idref="fl-2c"/>
      </object_component>
      <object_component id="oc-3ba">
         <name>.text:vTaskDisplayTaskList</name>
         <load_address>0xd0cc</load_address>
         <run_address>0xd0cc</run_address>
         <size>0x180</size>
         <input_file_ref idref="fl-3c"/>
      </object_component>
      <object_component id="oc-3dd">
         <name>.text:ucFULLDIAG_FRAM_2</name>
         <load_address>0xd24c</load_address>
         <run_address>0xd24c</run_address>
         <size>0x17e</size>
         <input_file_ref idref="fl-d"/>
      </object_component>
      <object_component id="oc-3c5">
         <name>.text:vL2FRAM_showTSBTbl</name>
         <load_address>0xd3ca</load_address>
         <run_address>0xd3ca</run_address>
         <size>0x17e</size>
         <input_file_ref idref="fl-1c"/>
      </object_component>
      <object_component id="oc-59c">
         <name>.text:lLNKBLK_computeTimeForSingleLnk</name>
         <load_address>0xd548</load_address>
         <run_address>0xd548</run_address>
         <size>0x174</size>
         <input_file_ref idref="fl-33"/>
      </object_component>
      <object_component id="oc-501">
         <name>.text:vRTS_schedule_BCN_slots</name>
         <load_address>0xd6bc</load_address>
         <run_address>0xd6bc</run_address>
         <size>0x16e</size>
         <input_file_ref idref="fl-3a"/>
      </object_component>
      <object_component id="oc-439">
         <name>.text:vTask_ModifyTCB</name>
         <load_address>0xd82a</load_address>
         <run_address>0xd82a</run_address>
         <size>0x168</size>
         <input_file_ref idref="fl-3b"/>
      </object_component>
      <object_component id="oc-570">
         <name>.text:vTask_SP_EndSlot</name>
         <load_address>0xd992</load_address>
         <run_address>0xd992</run_address>
         <size>0x166</size>
         <input_file_ref idref="fl-3b"/>
      </object_component>
      <object_component id="oc-5a2">
         <name>.text:vComm_SendLRQ</name>
         <load_address>0xdaf8</load_address>
         <run_address>0xdaf8</run_address>
         <size>0x162</size>
         <input_file_ref idref="fl-35"/>
      </object_component>
      <object_component id="oc-3ea">
         <name>.text:ucFULLDIAG_BUZ_0</name>
         <load_address>0xdc5a</load_address>
         <run_address>0xdc5a</run_address>
         <size>0x150</size>
         <input_file_ref idref="fl-d"/>
      </object_component>
      <object_component id="oc-3c7">
         <name>.text:vReport_LoadSRAMFromSDCard</name>
         <load_address>0xddaa</load_address>
         <run_address>0xddaa</run_address>
         <size>0x14e</size>
         <input_file_ref idref="fl-15"/>
      </object_component>
      <object_component id="oc-3e6">
         <name>.text:ucFULLDIAG_SENSOR_2</name>
         <load_address>0xdef8</load_address>
         <run_address>0xdef8</run_address>
         <size>0x14a</size>
         <input_file_ref idref="fl-d"/>
      </object_component>
      <object_component id="oc-3bc">
         <name>.text:ucL2FRAM_chk_for_fram</name>
         <load_address>0xe042</load_address>
         <run_address>0xe042</run_address>
         <size>0x146</size>
         <input_file_ref idref="fl-1c"/>
      </object_component>
      <object_component id="oc-53d">
         <name>.text:ucSP_I2C_RXByte</name>
         <load_address>0xe188</load_address>
         <run_address>0xe188</run_address>
         <size>0x146</size>
         <input_file_ref idref="fl-2b"/>
      </object_component>
      <object_component id="oc-57b">
         <name>.text:cDAYTIME_convertTstrToTstruct</name>
         <load_address>0xe2ce</load_address>
         <run_address>0xe2ce</run_address>
         <size>0x142</size>
         <input_file_ref idref="fl-9"/>
      </object_component>
      <object_component id="oc-47d">
         <name>.text:vFULLDIAG_test_single_SP</name>
         <load_address>0xe410</load_address>
         <run_address>0xe410</run_address>
         <size>0x13e</size>
         <input_file_ref idref="fl-d"/>
      </object_component>
      <object_component id="oc-554">
         <name>.text:ucRoute_NodeUnjoin</name>
         <load_address>0xe54e</load_address>
         <run_address>0xe54e</run_address>
         <size>0x138</size>
         <input_file_ref idref="fl-36"/>
      </object_component>
      <object_component id="oc-492">
         <name>.text:vRTS_showTaskHdrLine</name>
         <load_address>0xe686</load_address>
         <run_address>0xe686</run_address>
         <size>0x136</size>
         <input_file_ref idref="fl-3a"/>
      </object_component>
      <object_component id="oc-317">
         <name>.text</name>
         <load_address>0xe7bc</load_address>
         <run_address>0xe7bc</run_address>
         <size>0x130</size>
         <input_file_ref idref="fl-a8"/>
      </object_component>
      <object_component id="oc-3fe">
         <name>.text:vL2FRAM_deleteTSB</name>
         <load_address>0xe8ec</load_address>
         <run_address>0xe8ec</run_address>
         <size>0x130</size>
         <input_file_ref idref="fl-1c"/>
      </object_component>
      <object_component id="oc-3b5">
         <name>.text:vMAIN_printIntro</name>
         <load_address>0xea1c</load_address>
         <run_address>0xea1c</run_address>
         <size>0x12e</size>
         <input_file_ref idref="fl-10"/>
      </object_component>
      <object_component id="oc-47e">
         <name>.text:vReport_BuildMsgsFromDEs</name>
         <load_address>0xeb4a</load_address>
         <run_address>0xeb4a</run_address>
         <size>0x12c</size>
         <input_file_ref idref="fl-15"/>
      </object_component>
      <object_component id="oc-421">
         <name>.text:vSP_Display</name>
         <load_address>0xec76</load_address>
         <run_address>0xec76</run_address>
         <size>0x12c</size>
         <input_file_ref idref="fl-2b"/>
      </object_component>
      <object_component id="oc-572">
         <name>.text:ucSP_I2C_TXByte</name>
         <load_address>0xeda2</load_address>
         <run_address>0xeda2</run_address>
         <size>0x12a</size>
         <input_file_ref idref="fl-2b"/>
      </object_component>
      <object_component id="oc-5d5">
         <name>.text:vRoute_SetUpdates</name>
         <load_address>0xeecc</load_address>
         <run_address>0xeecc</run_address>
         <size>0x12a</size>
         <input_file_ref idref="fl-36"/>
      </object_component>
      <object_component id="oc-5d9">
         <name>.text:ucL2SRAM_Delete_CMD</name>
         <load_address>0xeff6</load_address>
         <run_address>0xeff6</run_address>
         <size>0x128</size>
         <input_file_ref idref="fl-1b"/>
      </object_component>
      <object_component id="oc-559">
         <name>.text:vComm_SynchFreq</name>
         <load_address>0xf11e</load_address>
         <run_address>0xf11e</run_address>
         <size>0x128</size>
         <input_file_ref idref="fl-37"/>
      </object_component>
      <object_component id="oc-53a">
         <name>.text:vSERIAL_FormatStrout</name>
         <load_address>0xf246</load_address>
         <run_address>0xf246</run_address>
         <size>0x128</size>
         <input_file_ref idref="fl-18"/>
      </object_component>
      <object_component id="oc-3a8">
         <name>.text:vGS_SynchGardenServer</name>
         <load_address>0xf36e</load_address>
         <run_address>0xf36e</run_address>
         <size>0x124</size>
         <input_file_ref idref="fl-39"/>
      </object_component>
      <object_component id="oc-43f">
         <name>.text:vComm_SendBeacon</name>
         <load_address>0xf492</load_address>
         <run_address>0xf492</run_address>
         <size>0x120</size>
         <input_file_ref idref="fl-34"/>
      </object_component>
      <object_component id="oc-3d7">
         <name>.text:vRTS_scheduleNSTtbl</name>
         <load_address>0xf5b2</load_address>
         <run_address>0xf5b2</run_address>
         <size>0x120</size>
         <input_file_ref idref="fl-3a"/>
      </object_component>
      <object_component id="oc-5e1">
         <name>.text:ucSP_SetHID</name>
         <load_address>0xf6d2</load_address>
         <run_address>0xf6d2</run_address>
         <size>0x11e</size>
         <input_file_ref idref="fl-2b"/>
      </object_component>
      <object_component id="oc-3c2">
         <name>.text:SD_Init</name>
         <load_address>0xf7f0</load_address>
         <run_address>0xf7f0</run_address>
         <size>0x11c</size>
         <input_file_ref idref="fl-28"/>
      </object_component>
      <object_component id="oc-4c0">
         <name>.text:ucSP_SetCommState</name>
         <load_address>0xf90c</load_address>
         <run_address>0xf90c</run_address>
         <size>0x11a</size>
         <input_file_ref idref="fl-2b"/>
      </object_component>
      <object_component id="oc-507">
         <name>.text:vRTS_schedule_command_slot</name>
         <load_address>0xfa26</load_address>
         <run_address>0xfa26</run_address>
         <size>0x116</size>
         <input_file_ref idref="fl-3a"/>
      </object_component>
      <object_component id="oc-4dc">
         <name>.text:ucTask_CreateOMTask</name>
         <load_address>0xfb3c</load_address>
         <run_address>0xfb3c</run_address>
         <size>0x112</size>
         <input_file_ref idref="fl-3c"/>
      </object_component>
      <object_component id="oc-542">
         <name>.text:ucTask_GetParam</name>
         <load_address>0xfc4e</load_address>
         <run_address>0xfc4e</run_address>
         <size>0x10e</size>
         <input_file_ref idref="fl-3c"/>
      </object_component>
      <object_component id="oc-5d6">
         <name>.text:ucComm_incLnkBrkCntAndChkForDeadOM2</name>
         <load_address>0xfd5c</load_address>
         <run_address>0xfd5c</run_address>
         <size>0x10c</size>
         <input_file_ref idref="fl-35"/>
      </object_component>
      <object_component id="oc-5a5">
         <name>.text:vComm_SendData</name>
         <load_address>0xfe68</load_address>
         <run_address>0xfe68</run_address>
         <size>0xf8</size>
         <input_file_ref idref="fl-35"/>
      </object_component>
      <object_component id="oc-53e">
         <name>.text:memset</name>
         <load_address>0xff60</load_address>
         <run_address>0xff60</run_address>
         <size>0x20</size>
         <input_file_ref idref="fl-7d"/>
      </object_component>
      <object_component id="oc-484">
         <name>.text:vFULLDIAG_test_actuators</name>
         <load_address>0x10000</load_address>
         <run_address>0x10000</run_address>
         <size>0xf6</size>
         <input_file_ref idref="fl-d"/>
      </object_component>
      <object_component id="oc-4d9">
         <name>.text:vComm_Msg_buildRequest_to_Join</name>
         <load_address>0x100f6</load_address>
         <run_address>0x100f6</run_address>
         <size>0xf2</size>
         <input_file_ref idref="fl-34"/>
      </object_component>
      <object_component id="oc-472">
         <name>.text:vRTS_showAllNSTentrys</name>
         <load_address>0x101e8</load_address>
         <run_address>0x101e8</run_address>
         <size>0xf0</size>
         <input_file_ref idref="fl-3a"/>
      </object_component>
      <object_component id="oc-3e7">
         <name>.text:ucFULLDIAG_SENSOR_3</name>
         <load_address>0x102d8</load_address>
         <run_address>0x102d8</run_address>
         <size>0xee</size>
         <input_file_ref idref="fl-d"/>
      </object_component>
      <object_component id="oc-3e8">
         <name>.text:ucFULLDIAG_SENSOR_4</name>
         <load_address>0x103c6</load_address>
         <run_address>0x103c6</run_address>
         <size>0xee</size>
         <input_file_ref idref="fl-d"/>
      </object_component>
      <object_component id="oc-3e9">
         <name>.text:ucFULLDIAG_SENSOR_5</name>
         <load_address>0x104b4</load_address>
         <run_address>0x104b4</run_address>
         <size>0xee</size>
         <input_file_ref idref="fl-d"/>
      </object_component>
      <object_component id="oc-5fa">
         <name>.text:ulL2SRAM_getPickTblEntry</name>
         <load_address>0x105a2</load_address>
         <run_address>0x105a2</run_address>
         <size>0xea</size>
         <input_file_ref idref="fl-1b"/>
      </object_component>
      <object_component id="oc-5ad">
         <name>.text:ucRoute_RemoveEdge</name>
         <load_address>0x1068c</load_address>
         <run_address>0x1068c</run_address>
         <size>0xe6</size>
         <input_file_ref idref="fl-36"/>
      </object_component>
      <object_component id="oc-4cd">
         <name>.text:cL2FRAM_addTSB</name>
         <load_address>0x10772</load_address>
         <run_address>0x10772</run_address>
         <size>0xe4</size>
         <input_file_ref idref="fl-1c"/>
      </object_component>
      <object_component id="oc-54c">
         <name>.text:vComm_Child</name>
         <load_address>0x10856</load_address>
         <run_address>0x10856</run_address>
         <size>0xe4</size>
         <input_file_ref idref="fl-35"/>
      </object_component>
      <object_component id="oc-4da">
         <name>.text:ucComm_doSubSecXmit</name>
         <load_address>0x1093a</load_address>
         <run_address>0x1093a</run_address>
         <size>0xe2</size>
         <input_file_ref idref="fl-37"/>
      </object_component>
      <object_component id="oc-589">
         <name>.text:lSERIAL_AsciiToNum</name>
         <load_address>0x10a1c</load_address>
         <run_address>0x10a1c</run_address>
         <size>0xe0</size>
         <input_file_ref idref="fl-18"/>
      </object_component>
      <object_component id="oc-5df">
         <name>.text:lSERIAL_AsciiToNumber</name>
         <load_address>0x10afc</load_address>
         <run_address>0x10afc</run_address>
         <size>0xde</size>
         <input_file_ref idref="fl-18"/>
      </object_component>
      <object_component id="oc-5d8">
         <name>.text:ucL2SRAM_LoadCmdIfExists</name>
         <load_address>0x10bda</load_address>
         <run_address>0x10bda</run_address>
         <size>0xde</size>
         <input_file_ref idref="fl-1b"/>
      </object_component>
      <object_component id="oc-598">
         <name>.text:ucComm_Send_Command</name>
         <load_address>0x10cb8</load_address>
         <run_address>0x10cb8</run_address>
         <size>0xdc</size>
         <input_file_ref idref="fl-35"/>
      </object_component>
      <object_component id="oc-4cf">
         <name>.text:vTask_FRAM_to_SDCard</name>
         <load_address>0x10d94</load_address>
         <run_address>0x10d94</run_address>
         <size>0xdc</size>
         <input_file_ref idref="fl-3b"/>
      </object_component>
      <object_component id="oc-4ff">
         <name>.text:vL2SRAM_putPickTblEntry</name>
         <load_address>0x10e70</load_address>
         <run_address>0x10e70</run_address>
         <size>0xd8</size>
         <input_file_ref idref="fl-1b"/>
      </object_component>
      <object_component id="oc-39e">
         <name>.text:vL2FRAM_format_fram</name>
         <load_address>0x10f48</load_address>
         <run_address>0x10f48</run_address>
         <size>0xd6</size>
         <input_file_ref idref="fl-1c"/>
      </object_component>
      <object_component id="oc-4e9">
         <name>.text:ucSerial_Wait_for_Ack</name>
         <load_address>0x1101e</load_address>
         <run_address>0x1101e</run_address>
         <size>0xd4</size>
         <input_file_ref idref="fl-18"/>
      </object_component>
      <object_component id="oc-534">
         <name>.text:ulMISC_buildGenericFromBytes</name>
         <load_address>0x110f2</load_address>
         <run_address>0x110f2</run_address>
         <size>0xd4</size>
         <input_file_ref idref="fl-11"/>
      </object_component>
      <object_component id="oc-55b">
         <name>.text:ulSRAM_read_B32</name>
         <load_address>0x111c6</load_address>
         <run_address>0x111c6</run_address>
         <size>0xd4</size>
         <input_file_ref idref="fl-32"/>
      </object_component>
      <object_component id="oc-452">
         <name>.text:SD_Send_Command</name>
         <load_address>0x1129a</load_address>
         <run_address>0x1129a</run_address>
         <size>0xd2</size>
         <input_file_ref idref="fl-28"/>
      </object_component>
      <object_component id="oc-47a">
         <name>.text:ucCRC16_compute_msg_CRC</name>
         <load_address>0x1136c</load_address>
         <run_address>0x1136c</run_address>
         <size>0xd2</size>
         <input_file_ref idref="fl-38"/>
      </object_component>
      <object_component id="oc-41d">
         <name>.text:vSP_DetachBoard</name>
         <load_address>0x1143e</load_address>
         <run_address>0x1143e</run_address>
         <size>0xd0</size>
         <input_file_ref idref="fl-2b"/>
      </object_component>
      <object_component id="oc-3e4">
         <name>.text:ucFULLDIAG_SENSOR_0</name>
         <load_address>0x1150e</load_address>
         <run_address>0x1150e</run_address>
         <size>0xce</size>
         <input_file_ref idref="fl-d"/>
      </object_component>
      <object_component id="oc-495">
         <name>.text:ucSERIAL_getEditedInput</name>
         <load_address>0x115dc</load_address>
         <run_address>0x115dc</run_address>
         <size>0xce</size>
         <input_file_ref idref="fl-18"/>
      </object_component>
      <object_component id="oc-51f">
         <name>.text:vKEY_setDate</name>
         <load_address>0x116aa</load_address>
         <run_address>0x116aa</run_address>
         <size>0xce</size>
         <input_file_ref idref="fl-f"/>
      </object_component>
      <object_component id="oc-5b7">
         <name>.text:lDAYTIME_convertDstructToSec</name>
         <load_address>0x11778</load_address>
         <run_address>0x11778</run_address>
         <size>0xcc</size>
         <input_file_ref idref="fl-9"/>
      </object_component>
      <object_component id="oc-50e">
         <name>.text:ucSP_SendCommand</name>
         <load_address>0x11844</load_address>
         <run_address>0x11844</run_address>
         <size>0xcc</size>
         <input_file_ref idref="fl-2b"/>
      </object_component>
      <object_component id="oc-56d">
         <name>.text:ucTask_CheckComp</name>
         <load_address>0x11910</load_address>
         <run_address>0x11910</run_address>
         <size>0xca</size>
         <input_file_ref idref="fl-3c"/>
      </object_component>
      <object_component id="oc-4ba">
         <name>.text:vBUZ</name>
         <load_address>0x119da</load_address>
         <run_address>0x119da</run_address>
         <size>0xc8</size>
         <input_file_ref idref="fl-2e"/>
      </object_component>
      <object_component id="oc-539">
         <name>.text:vSERIAL_B2D_Str</name>
         <load_address>0x11aa2</load_address>
         <run_address>0x11aa2</run_address>
         <size>0xc8</size>
         <input_file_ref idref="fl-18"/>
      </object_component>
      <object_component id="oc-4bf">
         <name>.text:vSP_TurnOn</name>
         <load_address>0x11b6a</load_address>
         <run_address>0x11b6a</run_address>
         <size>0xc8</size>
         <input_file_ref idref="fl-2b"/>
      </object_component>
      <object_component id="oc-476">
         <name>.text:ucSP_Request_SensorTypes</name>
         <load_address>0x11c32</load_address>
         <run_address>0x11c32</run_address>
         <size>0xc6</size>
         <input_file_ref idref="fl-2b"/>
      </object_component>
      <object_component id="oc-444">
         <name>.text:vTask_ComputeSysLFactor</name>
         <load_address>0x11cf8</load_address>
         <run_address>0x11cf8</run_address>
         <size>0xc6</size>
         <input_file_ref idref="fl-3c"/>
      </object_component>
      <object_component id="oc-53f">
         <name>.text:ucSP_Request_TransducerLabel</name>
         <load_address>0x11dbe</load_address>
         <run_address>0x11dbe</run_address>
         <size>0xc4</size>
         <input_file_ref idref="fl-2b"/>
      </object_component>
      <object_component id="oc-435">
         <name>.text:vTask_Batt_Sense</name>
         <load_address>0x11e82</load_address>
         <run_address>0x11e82</run_address>
         <size>0xc4</size>
         <input_file_ref idref="fl-3b"/>
      </object_component>
      <object_component id="oc-3b2">
         <name>.text:ucSP_Init</name>
         <load_address>0x11f46</load_address>
         <run_address>0x11f46</run_address>
         <size>0xc0</size>
         <input_file_ref idref="fl-2b"/>
      </object_component>
      <object_component id="oc-44e">
         <name>.text:ulFRAM_read_B32</name>
         <load_address>0x12006</load_address>
         <run_address>0x12006</run_address>
         <size>0xc0</size>
         <input_file_ref idref="fl-30"/>
      </object_component>
      <object_component id="oc-3e5">
         <name>.text:ucFULLDIAG_SENSOR_1</name>
         <load_address>0x120c6</load_address>
         <run_address>0x120c6</run_address>
         <size>0xbe</size>
         <input_file_ref idref="fl-d"/>
      </object_component>
      <object_component id="oc-4bd">
         <name>.text:vRAND_getNextNum</name>
         <load_address>0x12184</load_address>
         <run_address>0x12184</run_address>
         <size>0xbe</size>
         <input_file_ref idref="fl-14"/>
      </object_component>
      <object_component id="oc-503">
         <name>.text:vRTS_schedule_all_slots</name>
         <load_address>0x12242</load_address>
         <run_address>0x12242</run_address>
         <size>0xbe</size>
         <input_file_ref idref="fl-3a"/>
      </object_component>
      <object_component id="oc-4cc">
         <name>.text:vL2FRAM_putTSBEntryVal</name>
         <load_address>0x12300</load_address>
         <run_address>0x12300</run_address>
         <size>0xba</size>
         <input_file_ref idref="fl-1c"/>
      </object_component>
      <object_component id="oc-52f">
         <name>.text:vRTS_putNSTSubSlotentry</name>
         <load_address>0x123ba</load_address>
         <run_address>0x123ba</run_address>
         <size>0xba</size>
         <input_file_ref idref="fl-3a"/>
      </object_component>
      <object_component id="oc-457">
         <name>.text:SD_Read_Block</name>
         <load_address>0x12474</load_address>
         <run_address>0x12474</run_address>
         <size>0xb8</size>
         <input_file_ref idref="fl-28"/>
      </object_component>
      <object_component id="oc-5da">
         <name>.text:ucLNKBLK_computeMultipleLnkReqFromSysLoad</name>
         <load_address>0x1252c</load_address>
         <run_address>0x1252c</run_address>
         <size>0xb8</size>
         <input_file_ref idref="fl-33"/>
      </object_component>
      <object_component id="oc-326">
         <name>.text</name>
         <load_address>0x125e4</load_address>
         <run_address>0x125e4</run_address>
         <size>0xb6</size>
         <input_file_ref idref="fl-ab"/>
      </object_component>
      <object_component id="oc-4ea">
         <name>.text:ucComm_Handle_Command</name>
         <load_address>0x1269a</load_address>
         <run_address>0x1269a</run_address>
         <size>0xb2</size>
         <input_file_ref idref="fl-37"/>
      </object_component>
      <object_component id="oc-3ce">
         <name>.text:uslRAND_getNewSeed</name>
         <load_address>0x1274c</load_address>
         <run_address>0x1274c</run_address>
         <size>0xb2</size>
         <input_file_ref idref="fl-14"/>
      </object_component>
      <object_component id="oc-48d">
         <name>.text:ucRTS_getNSTSubSlotentry</name>
         <load_address>0x127fe</load_address>
         <run_address>0x127fe</run_address>
         <size>0xb0</size>
         <input_file_ref idref="fl-3a"/>
      </object_component>
      <object_component id="oc-4db">
         <name>.text:vRTS_convertAllRTJslotsToSleep</name>
         <load_address>0x128ae</load_address>
         <run_address>0x128ae</run_address>
         <size>0xb0</size>
         <input_file_ref idref="fl-3a"/>
      </object_component>
      <object_component id="oc-5cb">
         <name>.text:vMODACT_silentChangeInterval</name>
         <load_address>0x1295e</load_address>
         <run_address>0x1295e</run_address>
         <size>0xae</size>
         <input_file_ref idref="fl-2"/>
      </object_component>
      <object_component id="oc-3d6">
         <name>.text:vRTS_clrNSTtbl</name>
         <load_address>0x12a0c</load_address>
         <run_address>0x12a0c</run_address>
         <size>0xae</size>
         <input_file_ref idref="fl-3a"/>
      </object_component>
      <object_component id="oc-490">
         <name>.text:vRTS_getNSTentry</name>
         <load_address>0x12aba</load_address>
         <run_address>0x12aba</run_address>
         <size>0xae</size>
         <input_file_ref idref="fl-3a"/>
      </object_component>
      <object_component id="oc-502">
         <name>.text:vRTS_schedule_RTJ_slots</name>
         <load_address>0x12b68</load_address>
         <run_address>0x12b68</run_address>
         <size>0xae</size>
         <input_file_ref idref="fl-3a"/>
      </object_component>
      <object_component id="oc-5a3">
         <name>.text:vRouteClrFlaggedUpdates</name>
         <load_address>0x12c16</load_address>
         <run_address>0x12c16</run_address>
         <size>0xae</size>
         <input_file_ref idref="fl-36"/>
      </object_component>
      <object_component id="oc-438">
         <name>.text:vTask_MCUTemp</name>
         <load_address>0x12cc4</load_address>
         <run_address>0x12cc4</run_address>
         <size>0xae</size>
         <input_file_ref idref="fl-3b"/>
      </object_component>
      <object_component id="oc-4eb">
         <name>.text:uiRoute_GetNextHop</name>
         <load_address>0x12d72</load_address>
         <run_address>0x12d72</run_address>
         <size>0xac</size>
         <input_file_ref idref="fl-36"/>
      </object_component>
      <object_component id="oc-3a9">
         <name>.text:uiMISC_doCompensatedBattRead</name>
         <load_address>0x12e1e</load_address>
         <run_address>0x12e1e</run_address>
         <size>0xa8</size>
         <input_file_ref idref="fl-11"/>
      </object_component>
      <object_component id="oc-54a">
         <name>.text:vComm_Parent</name>
         <load_address>0x12ec6</load_address>
         <run_address>0x12ec6</run_address>
         <size>0xa8</size>
         <input_file_ref idref="fl-35"/>
      </object_component>
      <object_component id="oc-56b">
         <name>.text:vTIME_showTime</name>
         <load_address>0x12f6e</load_address>
         <run_address>0x12f6e</run_address>
         <size>0xa8</size>
         <input_file_ref idref="fl-1a"/>
      </object_component>
      <object_component id="oc-442">
         <name>.text:vTask_SP_CheckBoards</name>
         <load_address>0x13016</load_address>
         <run_address>0x13016</run_address>
         <size>0xa8</size>
         <input_file_ref idref="fl-3b"/>
      </object_component>
      <object_component id="oc-508">
         <name>.text:vRTS_schedule_downcount_slot</name>
         <load_address>0x130be</load_address>
         <run_address>0x130be</run_address>
         <size>0xa4</size>
         <input_file_ref idref="fl-3a"/>
      </object_component>
      <object_component id="oc-3d1">
         <name>.text:vReport_WriteDEToRAM</name>
         <load_address>0x13162</load_address>
         <run_address>0x13162</run_address>
         <size>0xa4</size>
         <input_file_ref idref="fl-15"/>
      </object_component>
      <object_component id="oc-43a">
         <name>.text:vTask_Count</name>
         <load_address>0x13206</load_address>
         <run_address>0x13206</run_address>
         <size>0xa4</size>
         <input_file_ref idref="fl-3b"/>
      </object_component>
      <object_component id="oc-3e2">
         <name>.text:ucFULLDIAG_RADIO_1</name>
         <load_address>0x132aa</load_address>
         <run_address>0x132aa</run_address>
         <size>0xa2</size>
         <input_file_ref idref="fl-d"/>
      </object_component>
      <object_component id="oc-4c5">
         <name>.text:ucSP_SendInterrogate</name>
         <load_address>0x1334c</load_address>
         <run_address>0x1334c</run_address>
         <size>0xa2</size>
         <input_file_ref idref="fl-2b"/>
      </object_component>
      <object_component id="oc-54b">
         <name>.text:vLNKBLK_fillLnkBlkFromMultipleLnkReq</name>
         <load_address>0x133ee</load_address>
         <run_address>0x133ee</run_address>
         <size>0xa2</size>
         <input_file_ref idref="fl-33"/>
      </object_component>
      <object_component id="oc-38d">
         <name>.text:HOSTlseek</name>
         <load_address>0x13490</load_address>
         <run_address>0x13490</run_address>
         <size>0x9e</size>
         <input_file_ref idref="fl-9f"/>
      </object_component>
      <object_component id="oc-3c3">
         <name>.text:SD_Format</name>
         <load_address>0x1352e</load_address>
         <run_address>0x1352e</run_address>
         <size>0x9e</size>
         <input_file_ref idref="fl-28"/>
      </object_component>
      <object_component id="oc-50f">
         <name>.text:ucSP_RequestData</name>
         <load_address>0x135cc</load_address>
         <run_address>0x135cc</run_address>
         <size>0x9e</size>
         <input_file_ref idref="fl-2b"/>
      </object_component>
      <object_component id="oc-446">
         <name>.text:ulL2FRAM_getTSBEntryVal</name>
         <load_address>0x1366a</load_address>
         <run_address>0x1366a</run_address>
         <size>0x9e</size>
         <input_file_ref idref="fl-1c"/>
      </object_component>
      <object_component id="oc-577">
         <name>.text:vL2FRAM_showYtriggerTbl</name>
         <load_address>0x13708</load_address>
         <run_address>0x13708</run_address>
         <size>0x9e</size>
         <input_file_ref idref="fl-1c"/>
      </object_component>
      <object_component id="oc-5ec">
         <name>.text:vMODACT_showChangeableSenseActTrigs</name>
         <load_address>0x137a6</load_address>
         <run_address>0x137a6</run_address>
         <size>0x9e</size>
         <input_file_ref idref="fl-2"/>
      </object_component>
      <object_component id="oc-454">
         <name>.text:SD_Write_Block</name>
         <load_address>0x13844</load_address>
         <run_address>0x13844</run_address>
         <size>0x9c</size>
         <input_file_ref idref="fl-28"/>
      </object_component>
      <object_component id="oc-4aa">
         <name>.text:vL2FRAM_stuffTSB</name>
         <load_address>0x138e0</load_address>
         <run_address>0x138e0</run_address>
         <size>0x9c</size>
         <input_file_ref idref="fl-1c"/>
      </object_component>
      <object_component id="oc-4c7">
         <name>.text:ucSP_DisplaySingleLabel</name>
         <load_address>0x1397c</load_address>
         <run_address>0x1397c</run_address>
         <size>0x9a</size>
         <input_file_ref idref="fl-2b"/>
      </object_component>
      <object_component id="oc-3c0">
         <name>.text:vSERIAL_bout</name>
         <load_address>0x13a16</load_address>
         <run_address>0x13a16</run_address>
         <size>0x9a</size>
         <input_file_ref idref="fl-18"/>
      </object_component>
      <object_component id="oc-3a2">
         <name>.text:vL2SRAM_FormatCmd_Q</name>
         <load_address>0x13ab0</load_address>
         <run_address>0x13ab0</run_address>
         <size>0x98</size>
         <input_file_ref idref="fl-1b"/>
      </object_component>
      <object_component id="oc-3af">
         <name>.text:ucMISC_sleep_until_button_or_clk</name>
         <load_address>0x13b48</load_address>
         <run_address>0x13b48</run_address>
         <size>0x96</size>
         <input_file_ref idref="fl-11"/>
      </object_component>
      <object_component id="oc-3d3">
         <name>.text:vMODOPT_showAllRamOptionBits</name>
         <load_address>0x13bde</load_address>
         <run_address>0x13bde</run_address>
         <size>0x96</size>
         <input_file_ref idref="fl-3"/>
      </object_component>
      <object_component id="oc-3d0">
         <name>.text:vComm_DE_BuildReportHdr</name>
         <load_address>0x13c74</load_address>
         <run_address>0x13c74</run_address>
         <size>0x94</size>
[...]
      <symbol id="sm-1725">
         <name>vRTS_SetEmptySlotstoSleep</name>
         <value>0x14fea</value>
         <object_component_ref idref="oc-471"/>
      </symbol>
      <symbol id="sm-1726">
         <name>vRTS_showTaskHdrLine</name>
         <value>0xe686</value>
         <object_component_ref idref="oc-492"/>
      </symbol>
      <symbol id="sm-17a4">
         <name>vTask_Dispatch</name>
         <value>0xa68e</value>
         <object_component_ref idref="oc-3db"/>
      </symbol>
      <symbol id="sm-17a5">
         <name>vTask_SP_StartSlot</name>
         <value>0xb886</value>
         <object_component_ref idref="oc-556"/>
      </symbol>
      <symbol id="sm-17a6">
         <name>vTask_ModifyTCB</name>
         <value>0xd82a</value>
         <object_component_ref idref="oc-439"/>
      </symbol>
      <symbol id="sm-17a7">
         <name>vTask_Count</name>
         <value>0x13206</value>
         <object_component_ref idref="oc-43a"/>
      </symbol>
      <symbol id="sm-17a8">
         <name>vTask_FRAM_to_SDCard</name>
         <value>0x10d94</value>
         <object_component_ref idref="oc-4cf"/>
      </symbol>
      <symbol id="sm-17a9">
         <name>ulJDsHappyTimeCounter</name>
         <value>0x40f6</value>
         <object_component_ref idref="oc-1e4"/>
      </symbol>
      <symbol id="sm-17aa">
         <name>vTask_MCUTemp</name>
         <value>0x12cc4</value>
         <object_component_ref idref="oc-438"/>
      </symbol>
      <symbol id="sm-17ab">
         <name>vTask_Sleep</name>
         <value>0x19d3e</value>
         <object_component_ref idref="oc-433"/>
      </symbol>
      <symbol id="sm-17ac">
         <name>vTask_RSSI</name>
         <value>0x19022</value>
         <object_component_ref idref="oc-440"/>
      </symbol>
      <symbol id="sm-17ad">
         <name>vTask_Batt_Sense</name>
         <value>0x11e82</value>
         <object_component_ref idref="oc-435"/>
      </symbol>
      <symbol id="sm-17ae">
         <name>ucTask_VerifyChangeableCommand</name>
         <value>0x14860</value>
         <object_component_ref idref="oc-5eb"/>
      </symbol>
      <symbol id="sm-17af">
         <name>vTask_showBattReading</name>
         <value>0x17668</value>
         <object_component_ref idref="oc-3aa"/>
      </symbol>
      <symbol id="sm-17b0">
         <name>vTask_Reset</name>
         <value>0x19b8a</value>
         <object_component_ref idref="oc-437"/>
      </symbol>
      <symbol id="sm-17b1">
         <name>vTask_SP_EndSlot</name>
         <value>0xd992</value>
         <object_component_ref idref="oc-570"/>
      </symbol>
      <symbol id="sm-17b2">
         <name>vTask_SP_CheckBoards</name>
         <value>0x13016</value>
         <object_component_ref idref="oc-442"/>
      </symbol>
      <symbol id="sm-18db">
         <name>ucTask_Init</name>
         <value>0x83ca</value>
         <object_component_ref idref="oc-3b9"/>
      </symbol>
      <symbol id="sm-18dc">
         <name>ucTask_CreateOMTask</name>
         <value>0xfb3c</value>
         <object_component_ref idref="oc-4dc"/>
      </symbol>
      <symbol id="sm-18dd">
         <name>vTask_ComputeSysLFactor</name>
         <value>0x11cf8</value>
         <object_component_ref idref="oc-444"/>
      </symbol>
      <symbol id="sm-18de">
         <name>ucTask_FetchSingleSPTasks</name>
         <value>0x9dbe</value>
         <object_component_ref idref="oc-4e4"/>
      </symbol>
      <symbol id="sm-18df">
         <name>ucTask_GetCmdParam</name>
         <value>0x13e2a</value>
         <object_component_ref idref="oc-4d2"/>
      </symbol>
      <symbol id="sm-18e0">
         <name>vTask_CleanTaskList</name>
         <value>0x1761c</value>
         <object_component_ref idref="oc-46f"/>
      </symbol>
      <symbol id="sm-18e1">
         <name>vTask_ShowAllTasks</name>
         <value>0x190ec</value>
         <object_component_ref idref="oc-5c7"/>
      </symbol>
      <symbol id="sm-18e2">
         <name>uiTask_countSOM2andROM2entrys</name>
         <value>0x145c6</value>
         <object_component_ref idref="oc-564"/>
      </symbol>
      <symbol id="sm-18e3">
         <name>vTask_ClearDynSector</name>
         <value>0x14968</value>
         <object_component_ref idref="oc-46e"/>
      </symbol>
      <symbol id="sm-18e4">
         <name>ucTask_SearchforLink</name>
         <value>0x17824</value>
         <object_component_ref idref="oc-548"/>
      </symbol>
      <symbol id="sm-18e5">
         <name>p_saTaskList</name>
         <value>0x1c10</value>
         <object_component_ref idref="oc-1ec"/>
      </symbol>
      <symbol id="sm-18e6">
         <name>uiTask_GetUniqueID</name>
         <value>0x18678</value>
         <object_component_ref idref="oc-56f"/>
      </symbol>
      <symbol id="sm-18e7">
         <name>ucTask_FetchTaskIndex</name>
         <value>0x1707e</value>
         <object_component_ref idref="oc-48c"/>
      </symbol>
      <symbol id="sm-18e8">
         <name>cSPNames</name>
         <value>0x1c00</value>
         <object_component_ref idref="oc-1ec"/>
      </symbol>
      <symbol id="sm-18e9">
         <name>ucTask_SetCmdParam</name>
         <value>0x13eba</value>
         <object_component_ref idref="oc-55a"/>
      </symbol>
      <symbol id="sm-18ea">
         <name>ucTask_CreateTask</name>
         <value>0xa968</value>
         <object_component_ref idref="oc-434"/>
      </symbol>
      <symbol id="sm-18eb">
         <name>vTask_showTaskName</name>
         <value>0x14ef0</value>
         <object_component_ref idref="oc-44a"/>
      </symbol>
      <symbol id="sm-18ec">
         <name>ucTask_CreateCombinedTask</name>
         <value>0x937e</value>
         <object_component_ref idref="oc-56e"/>
      </symbol>
      <symbol id="sm-18ed">
         <name>ucTask_SetField</name>
         <value>0x7c20</value>
         <object_component_ref idref="oc-43d"/>
      </symbol>
      <symbol id="sm-18ee">
         <name>ucTask_FetchAllSPTasks</name>
         <value>0x18e22</value>
         <object_component_ref idref="oc-441"/>
      </symbol>
      <symbol id="sm-18ef">
         <name>ucTask_GetField</name>
         <value>0x8a36</value>
         <object_component_ref idref="oc-447"/>
      </symbol>
      <symbol id="sm-18f0">
         <name>ucTask_RemoveProcessor</name>
         <value>0x1726e</value>
         <object_component_ref idref="oc-4e7"/>
      </symbol>
      <symbol id="sm-18f1">
         <name>vTask_Dummy</name>
         <value>0x1a028</value>
         <object_component_ref idref="oc-432"/>
      </symbol>
      <symbol id="sm-18f2">
         <name>ucTask_GetParam</name>
         <value>0xfc4e</value>
         <object_component_ref idref="oc-542"/>
      </symbol>
      <symbol id="sm-18f3">
         <name>vTaskDisplayTaskList</name>
         <value>0xd0cc</value>
         <object_component_ref idref="oc-3ba"/>
      </symbol>
      <symbol id="sm-18f4">
         <name>ucTask_CheckComp</name>
         <value>0x11910</value>
         <object_component_ref idref="oc-56d"/>
      </symbol>
      <symbol id="sm-18f5">
         <name>ucTask_DestroyTask</name>
         <value>0xbc78</value>
         <object_component_ref idref="oc-493"/>
      </symbol>
      <symbol id="sm-1902">
         <name>I_ASR</name>
         <value>0x19ef8</value>
         <object_component_ref idref="oc-1f4"/>
      </symbol>
      <symbol id="sm-1911">
         <name>_stack</name>
         <value>0x5b60</value>
         <object_component_ref idref="oc-1fa"/>
      </symbol>
      <symbol id="sm-1912">
         <name>_reset_vector</name>
         <value>0xfffe</value>
         <object_component_ref idref="oc-1fb"/>
      </symbol>
      <symbol id="sm-1920">
         <name>_c_int00_noargs_noexit</name>
         <value>0x6562</value>
         <object_component_ref idref="oc-87"/>
      </symbol>
      <symbol id="sm-194b">
         <name>__remi</name>
         <value>0x18df6</value>
         <object_component_ref idref="oc-214"/>
      </symbol>
      <symbol id="sm-194c">
         <name>__divi</name>
         <value>0x18df6</value>
         <object_component_ref idref="oc-214"/>
      </symbol>
      <symbol id="sm-195a">
         <name>__remu</name>
         <value>0x19aae</value>
         <object_component_ref idref="oc-219"/>
      </symbol>
      <symbol id="sm-195b">
         <name>__divu</name>
         <value>0x19aae</value>
         <object_component_ref idref="oc-219"/>
      </symbol>
      <symbol id="sm-196c">
         <name>__remli</name>
         <value>0x17ee6</value>
         <object_component_ref idref="oc-21e"/>
      </symbol>
      <symbol id="sm-196d">
         <name>__divli</name>
         <value>0x17ee6</value>
         <object_component_ref idref="oc-21e"/>
      </symbol>
      <symbol id="sm-1980">
         <name>__divul</name>
         <value>0x16d74</value>
         <object_component_ref idref="oc-223"/>
      </symbol>
      <symbol id="sm-1981">
         <name>__remul</name>
         <value>0x16d74</value>
         <object_component_ref idref="oc-223"/>
      </symbol>
      <symbol id="sm-198f">
         <name>C$$EXIT</name>
         <value>0x1a00c</value>
         <object_component_ref idref="oc-37c"/>
      </symbol>
      <symbol id="sm-1990">
         <name>abort</name>
         <value>0x1a00c</value>
         <object_component_ref idref="oc-37c"/>
      </symbol>
      <symbol id="sm-19b3">
         <name>L_LSL_3</name>
         <value>0x18056</value>
         <object_component_ref idref="oc-3ef"/>
      </symbol>
      <symbol id="sm-19b4">
         <name>L_LSL_2</name>
         <value>0x1805a</value>
         <object_component_ref idref="oc-3ef"/>
      </symbol>
      <symbol id="sm-19b5">
         <name>L_LSL_1</name>
         <value>0x1805e</value>
         <object_component_ref idref="oc-3ef"/>
      </symbol>
      <symbol id="sm-19b6">
         <name>L_LSL_7</name>
         <value>0x18046</value>
         <object_component_ref idref="oc-3ef"/>
      </symbol>
      <symbol id="sm-19b7">
         <name>L_LSL_6</name>
         <value>0x1804a</value>
         <object_component_ref idref="oc-3ef"/>
      </symbol>
      <symbol id="sm-19b8">
         <name>L_LSL_5</name>
         <value>0x1804e</value>
         <object_component_ref idref="oc-3ef"/>
      </symbol>
      <symbol id="sm-19b9">
         <name>L_LSL_4</name>
         <value>0x18052</value>
         <object_component_ref idref="oc-3ef"/>
      </symbol>
      <symbol id="sm-19ba">
         <name>L_LSL_9</name>
         <value>0x1803e</value>
         <object_component_ref idref="oc-3ef"/>
      </symbol>
      <symbol id="sm-19bb">
         <name>L_LSL_8</name>
         <value>0x18042</value>
         <object_component_ref idref="oc-3ef"/>
      </symbol>
      <symbol id="sm-19bc">
         <name>L_LSL_12</name>
         <value>0x18032</value>
         <object_component_ref idref="oc-3ef"/>
      </symbol>
      <symbol id="sm-19bd">
         <name>L_LSL_13</name>
         <value>0x1802e</value>
         <object_component_ref idref="oc-3ef"/>
      </symbol>
      <symbol id="sm-19be">
         <name>L_LSL_10</name>
         <value>0x1803a</value>
         <object_component_ref idref="oc-3ef"/>
      </symbol>
      <symbol id="sm-19bf">
         <name>L_LSL_11</name>
         <value>0x18036</value>
         <object_component_ref idref="oc-3ef"/>
      </symbol>
      <symbol id="sm-19c0">
         <name>L_LSL_14</name>
         <value>0x1802a</value>
         <object_component_ref idref="oc-3ef"/>
      </symbol>
      <symbol id="sm-19c1">
         <name>L_LSL_15</name>
         <value>0x18026</value>
         <object_component_ref idref="oc-3ef"/>
      </symbol>
      <symbol id="sm-19d1">
         <name>L_LSR_12</name>
         <value>0x18070</value>
         <object_component_ref idref="oc-3ee"/>
      </symbol>
      <symbol id="sm-19d2">
         <name>L_LSR_13</name>
         <value>0x1806c</value>
         <object_component_ref idref="oc-3ee"/>
      </symbol>
      <symbol id="sm-19d3">
         <name>L_LSR_10</name>
         <value>0x18078</value>
         <object_component_ref idref="oc-3ee"/>
      </symbol>
      <symbol id="sm-19d4">
         <name>L_LSR_11</name>
         <value>0x18074</value>
         <object_component_ref idref="oc-3ee"/>
      </symbol>
      <symbol id="sm-19d5">
         <name>L_LSR_14</name>
         <value>0x18068</value>
         <object_component_ref idref="oc-3ee"/>
      </symbol>
      <symbol id="sm-19d6">
         <name>L_LSR_15</name>
         <value>0x18064</value>
         <object_component_ref idref="oc-3ee"/>
      </symbol>
      <symbol id="sm-19d7">
         <name>L_LSR</name>
         <value>0x19d50</value>
         <object_component_ref idref="oc-4bb"/>
      </symbol>
      <symbol id="sm-19d8">
         <name>L_LSR_3</name>
         <value>0x18094</value>
         <object_component_ref idref="oc-3ee"/>
      </symbol>
      <symbol id="sm-19d9">
         <name>L_LSR_2</name>
         <value>0x18098</value>
         <object_component_ref idref="oc-3ee"/>
      </symbol>
      <symbol id="sm-19da">
         <name>L_LSR_1</name>
         <value>0x1809c</value>
         <object_component_ref idref="oc-3ee"/>
      </symbol>
      <symbol id="sm-19db">
         <name>L_LSR_7</name>
         <value>0x18084</value>
         <object_component_ref idref="oc-3ee"/>
      </symbol>
      <symbol id="sm-19dc">
         <name>L_LSR_6</name>
         <value>0x18088</value>
         <object_component_ref idref="oc-3ee"/>
      </symbol>
      <symbol id="sm-19dd">
         <name>L_LSR_5</name>
         <value>0x1808c</value>
         <object_component_ref idref="oc-3ee"/>
      </symbol>
      <symbol id="sm-19de">
         <name>L_LSR_4</name>
         <value>0x18090</value>
         <object_component_ref idref="oc-3ee"/>
      </symbol>
      <symbol id="sm-19df">
         <name>L_LSR_9</name>
         <value>0x1807c</value>
         <object_component_ref idref="oc-3ee"/>
      </symbol>
      <symbol id="sm-19e0">
         <name>L_LSR_8</name>
         <value>0x18080</value>
         <object_component_ref idref="oc-3ee"/>
      </symbol>
      <symbol id="sm-19ef">
         <name>memcpy</name>
         <value>0x18efc</value>
         <object_component_ref idref="oc-35e"/>
      </symbol>
      <symbol id="sm-19fe">
         <name>memset</name>
         <value>0xff60</value>
         <object_component_ref idref="oc-53e"/>
      </symbol>
      <symbol id="sm-1a31">
         <name>__mpyi_f5hw</name>
         <value>0x19ac4</value>
         <object_component_ref idref="oc-415"/>
      </symbol>
      <symbol id="sm-1a67">
         <name>__mpyl_f5hw</name>
         <value>0x19336</value>
         <object_component_ref idref="oc-431"/>
      </symbol>
      <symbol id="sm-1a88">
         <name>_system_pre_init</name>
         <value>0x1a008</value>
         <object_component_ref idref="oc-376"/>
      </symbol>
      <symbol id="sm-1aa5">
         <name>_nop</name>
         <value>0x1a018</value>
         <object_component_ref idref="oc-3f1"/>
      </symbol>
      <symbol id="sm-1aa6">
         <name>_lock</name>
         <value>0x40e6</value>
         <object_component_ref idref="oc-391"/>
      </symbol>
      <symbol id="sm-1aa7">
         <name>_unlock</name>
         <value>0x40ea</value>
         <object_component_ref idref="oc-397"/>
      </symbol>
      <symbol id="sm-1ad6">
         <name>_auto_init</name>
         <value>0x1624c</value>
         <object_component_ref idref="oc-377"/>
      </symbol>
      <symbol id="sm-1ae6">
         <name>__TI_tmpnams</name>
         <value>0x394c</value>
         <object_component_ref idref="oc-291"/>
      </symbol>
      <symbol id="sm-1ae7">
         <name>_ftable</name>
         <value>0x3884</value>
         <object_component_ref idref="oc-291"/>
      </symbol>
      <symbol id="sm-1ae8">
         <name>__TI_ft_end</name>
         <value>0x39ec</value>
         <object_component_ref idref="oc-291"/>
      </symbol>
      <symbol id="sm-1b35">
         <name>strcpy</name>
         <value>0x19c54</value>
         <object_component_ref idref="oc-3f0"/>
      </symbol>
      <symbol id="sm-1b42">
         <name>strlen</name>
         <value>0x19c66</value>
         <object_component_ref idref="oc-3eb"/>
      </symbol>
      <symbol id="sm-1ba8">
         <name>HOSTrename</name>
         <value>0x15490</value>
         <object_component_ref idref="oc-38f"/>
      </symbol>
      <symbol id="sm-1ba9">
         <name>HOSTclose</name>
         <value>0x175d0</value>
         <object_component_ref idref="oc-38a"/>
      </symbol>
      <symbol id="sm-1baa">
         <name>HOSTunlink</name>
         <value>0x1798c</value>
         <object_component_ref idref="oc-38e"/>
      </symbol>
      <symbol id="sm-1bab">
         <name>HOSTlseek</name>
         <value>0x13490</value>
         <object_component_ref idref="oc-38d"/>
      </symbol>
      <symbol id="sm-1bac">
         <name>HOSTopen</name>
         <value>0x15972</value>
         <object_component_ref idref="oc-389"/>
      </symbol>
      <symbol id="sm-1bad">
         <name>HOSTwrite</name>
         <value>0x15e94</value>
         <object_component_ref idref="oc-38c"/>
      </symbol>
      <symbol id="sm-1bae">
         <name>HOSTread</name>
         <value>0x161e4</value>
         <object_component_ref idref="oc-38b"/>
      </symbol>
      <symbol id="sm-1bc4">
         <name>__TI_readmsg</name>
         <value>0x18b82</value>
         <object_component_ref idref="oc-3ed"/>
      </symbol>
      <symbol id="sm-1bc5">
         <name>C$$IO$$</name>
         <value>0x18832</value>
         <object_component_ref idref="oc-3ec"/>
      </symbol>
      <symbol id="sm-1bc6">
         <name>_CIOBUF_</name>
         <value>0x40fe</value>
         <object_component_ref idref="oc-2ee"/>
      </symbol>
      <symbol id="sm-1bc7">
         <name>__TI_writemsg</name>
         <value>0x18800</value>
         <object_component_ref idref="oc-3ec"/>
      </symbol>
      <symbol id="sm-1bf5">
         <name>_Errno</name>
         <value>0x40fa</value>
         <object_component_ref idref="oc-307"/>
      </symbol>
      <symbol id="sm-1c35">
         <name>__fs_add</name>
         <value>0xe7c2</value>
         <object_component_ref idref="oc-317"/>
      </symbol>
      <symbol id="sm-1c36">
         <name>__fs_sub</name>
         <value>0xe7bc</value>
         <object_component_ref idref="oc-317"/>
      </symbol>
      <symbol id="sm-1c4f">
         <name>__fs_cmp</name>
         <value>0x17748</value>
         <object_component_ref idref="oc-31c"/>
      </symbol>
      <symbol id="sm-1c73">
         <name>__fs_div</name>
         <value>0x13fda</value>
         <object_component_ref idref="oc-321"/>
      </symbol>
      <symbol id="sm-1c9d">
         <name>__fs_mpy</name>
         <value>0x125e4</value>
         <object_component_ref idref="oc-326"/>
      </symbol>
      <symbol id="sm-1cab">
         <name>__fs_neg</name>
         <value>0x19f02</value>
         <object_component_ref idref="oc-32b"/>
      </symbol>
      <symbol id="sm-1cda">
         <name>_sys_memory</name>
         <value>0x4220</value>
         <object_component_ref idref="oc-342"/>
      </symbol>
   </symbol_table>
   <title>Link successful</title>
</link_info>
